 mix

 Timestamp is 5c8112c2 (Thu Mar  7 20:46:58 2019)

 Preferred load address is 0000000180000000

 Start         Length     Name                   Class
 0001:00000000 000000d0H .text$di                CODE
 0001:000000d0 00017b30H .text$mn                CODE
 0001:00017c00 00000020H .text$mn$00             CODE
 0001:00017c20 000003e0H .text$x                 CODE
 0001:00018000 00000145H .text$yd                CODE
 0002:00000000 00000260H .idata$5                DATA
 0002:00000260 00000010H .00cfg                  DATA
 0002:00000270 00000008H .CRT$XCA                DATA
 0002:00000278 00000020H .CRT$XCU                DATA
 0002:00000298 00000008H .CRT$XCZ                DATA
 0002:000002a0 00000008H .CRT$XIA                DATA
 0002:000002a8 00000018H .CRT$XIC                DATA
 0002:000002c0 00000008H .CRT$XIZ                DATA
 0002:000002c8 00000008H .CRT$XPA                DATA
 0002:000002d0 00000010H .CRT$XPX                DATA
 0002:000002e0 00000008H .CRT$XPXA               DATA
 0002:000002e8 00000008H .CRT$XPZ                DATA
 0002:000002f0 00000008H .CRT$XTA                DATA
 0002:000002f8 00000008H .CRT$XTZ                DATA
 0002:00000300 00000000H .gfids$y                DATA
 0002:00000300 0000af50H .rdata                  DATA
 0002:0000b250 0000037cH .rdata$r                DATA
 0002:0000b5cc 000003ccH .rdata$zzzdbg           DATA
 0002:0000b998 00000008H .rtc$IAA                DATA
 0002:0000b9a0 00000008H .rtc$IZZ                DATA
 0002:0000b9a8 00000008H .rtc$TAA                DATA
 0002:0000b9b0 00000008H .rtc$TZZ                DATA
 0002:0000b9b8 00001378H .xdata                  DATA
 0002:0000cd30 000001dcH .xdata$x                DATA
 0002:0000cf0c 00000020H .didat$2                DATA
 0002:0000cf2c 00000024H .didat$3                DATA
 0002:0000cf50 00000120H .didat$4                DATA
 0002:0000d070 000008b8H .didat$6                DATA
 0002:0000d928 00000128H .didat$7                DATA
 0002:0000da50 0000004cH .edata                  DATA
 0002:0000da9c 00000014H .idata$2                DATA
 0002:0000dab0 00000018H .idata$3                DATA
 0002:0000dac8 00000260H .idata$4                DATA
 0002:0000dd28 00000584H .idata$6                DATA
 0003:00000000 00000aa0H .data                   DATA
 0003:00000aa0 00000118H .data$r                 DATA
 0003:00000bb8 00000128H .didat$5                DATA
 0003:00000ce0 00001274H .bss                    DATA
 0004:00000000 00001644H .pdata                  DATA
 0005:00000000 00000060H .rsrc$01                DATA
 0005:00000060 00000180H .rsrc$02                DATA

  Address         Publics by Value              Rva+Base               Lib:Object

 0000:00000000       __hybrid_code_map_count    0000000000000000     <absolute>
 0000:00000000       __hybrid_code_map          0000000000000000     <absolute>
 0000:00000000       __guard_iat_count          0000000000000000     <absolute>
 0000:00000000       __guard_longjmp_count      0000000000000000     <absolute>
 0000:00000000       __volatile_metadata        0000000000000000     <absolute>
 0000:00000000       __guard_longjmp_table      0000000000000000     <absolute>
 0000:00000000       __guard_iat_table          0000000000000000     <absolute>
 0000:00000000       __guard_fids_count         0000000000000000     <absolute>
 0000:00000000       ___safe_se_handler_count   0000000000000000     <absolute>
 0000:00000000       __enclave_config           0000000000000000     <absolute>
 0000:00000000       ___safe_se_handler_table   0000000000000000     <absolute>
 0000:00000000       __guard_fids_table         0000000000000000     <absolute>
 0000:00000000       __hybrid_auxiliary_iat     0000000000000000     <absolute>
 0000:00000000       __dynamic_value_reloc_table 0000000000000000     <absolute>
 0000:00000100       __guard_flags              0000000000000100     <absolute>
 0000:00000000       __ImageBase                0000000180000000     <linker-defined>
 0001:000001b0       ?ThrowError@Nan@@YAXPEBD@Z 00000001800011b0 f i mix.obj
 0001:00000240       ?ThrowTypeError@Nan@@YAXPEBD@Z 0000000180001240 f i mix.obj
 0001:000002d0       ?Mix@NativeMixingOperation@@YAXAEBV?$FunctionCallbackInfo@VValue@v8@@@Nan@@@Z 00000001800012d0 f   mix.obj
 0001:00000f40       ?Init@NativeMixingOperation@@YAXV?$Local@VObject@v8@@@v8@@0@Z 0000000180001f40 f   mix.obj
 0001:00001230       ??$_Emplace_reallocate@N@?$vector@NV?$allocator@N@std@@@std@@QEAAPEANQEAN$$QEAN@Z 0000000180002230 f i mix.obj
 0001:00001230       ??$_Emplace_reallocate@AEBQEAUSourceInfo@NativeMixingOperation@@@?$vector@PEAUSourceInfo@NativeMixingOperation@@V?$allocator@PEAUSourceInfo@NativeMixingOperation@@@std@@@std@@QEAAPEAPEAUSourceInfo@NativeMixingOperation@@QEAPEAU23@AEBQEAU23@@Z 0000000180002230 f i mix.obj
 0001:000013d0       ?_Xlength@?$vector@NV?$allocator@N@std@@@std@@CAXXZ 00000001800023d0 f i mix.obj
 0001:000013d0       ?_Xlength@?$vector@PEAUSourceInfo@NativeMixingOperation@@V?$allocator@PEAUSourceInfo@NativeMixingOperation@@@std@@@std@@CAXXZ 00000001800023d0 f i mix.obj
 0001:000013f0       ??$SetMethodAux@V?$Local@VObject@v8@@@v8@@@imp@Nan@@YAXV?$Local@VObject@v8@@@v8@@V?$Local@VString@v8@@@3@V?$Local@VFunctionTemplate@v8@@@3@ZZ 00000001800023f0 f i mix.obj
 0001:000014cc       __imp_load_?Value@External@v8@@QEBAPEAXXZ 00000001800024cc f   node:node.exe
 0001:000014d8       __tailMerge_node_exe       00000001800024d8     node:node.exe
 0001:00001551       __imp_load_?New@External@v8@@SA?AV?$Local@VExternal@v8@@@2@PEAVIsolate@2@PEAX@Z 0000000180002551 f   node:node.exe
 0001:0000155d       __imp_load_?ThrowException@Isolate@v8@@QEAA?AV?$Local@VValue@v8@@@2@V32@@Z 000000018000255d f   node:node.exe
 0001:00001569       __imp_load_?GetCurrentContext@Isolate@v8@@QEAA?AV?$Local@VContext@v8@@@2@XZ 0000000180002569 f   node:node.exe
 0001:00001575       __imp_load_?GetCurrent@Isolate@v8@@SAPEAV12@XZ 0000000180002575 f   node:node.exe
 0001:00001581       __imp_load_?CreateHandle@HandleScope@v8@@CAPEAPEAVObject@internal@2@PEAVHeapObject@42@PEAV342@@Z 0000000180002581 f   node:node.exe
 0001:0000158d       __imp_load_??1HandleScope@v8@@QEAA@XZ 000000018000258d f   node:node.exe
 0001:00001599       __imp_load_??0HandleScope@v8@@QEAA@PEAVIsolate@1@@Z 0000000180002599 f   node:node.exe
 0001:000015a5       __imp_load_?Error@Exception@v8@@SA?AV?$Local@VValue@v8@@@2@V?$Local@VString@v8@@@2@@Z 00000001800025a5 f   node:node.exe
 0001:000015b1       __imp_load_?TypeError@Exception@v8@@SA?AV?$Local@VValue@v8@@@2@V?$Local@VString@v8@@@2@@Z 00000001800025b1 f   node:node.exe
 0001:000015bd       __imp_load_?Length@Array@v8@@QEBAIXZ 00000001800025bd f   node:node.exe
 0001:000015c9       __imp_load_?SetClassName@FunctionTemplate@v8@@QEAAXV?$Local@VString@v8@@@2@@Z 00000001800025c9 f   node:node.exe
 0001:000015d5       __imp_load_?GetFunction@FunctionTemplate@v8@@QEAA?AV?$MaybeLocal@VFunction@v8@@@2@V?$Local@VContext@v8@@@2@@Z 00000001800025d5 f   node:node.exe
 0001:000015e1       __imp_load_?New@FunctionTemplate@v8@@SA?AV?$Local@VFunctionTemplate@v8@@@2@PEAVIsolate@2@P6AXAEBV?$FunctionCallbackInfo@VValue@v8@@@2@@ZV?$Local@VValue@v8@@@2@V?$Local@VSignature@v8@@@2@HW4ConstructorBehavior@2@W4SideEffectType@2@@Z 00000001800025e1 f   node:node.exe
 0001:000015ed       __imp_load_?ToLocalEmpty@V8@v8@@CAXXZ 00000001800025ed f   node:node.exe
 0001:000015f9       __imp_load_?Uint32Value@Value@v8@@QEBAIXZ 00000001800025f9 f   node:node.exe
 0001:00001605       __imp_load_?IntegerValue@Value@v8@@QEBA_JXZ 0000000180002605 f   node:node.exe
 0001:00001611       __imp_load_?NumberValue@Value@v8@@QEBANXZ 0000000180002611 f   node:node.exe
 0001:0000161d       __imp_load_?IsNumber@Value@v8@@QEBA_NXZ 000000018000261d f   node:node.exe
 0001:00001629       __imp_load_?IsArray@Value@v8@@QEBA_NXZ 0000000180002629 f   node:node.exe
 0001:00001635       __imp_load_?Escape@EscapableHandleScope@v8@@AEAAPEAPEAVObject@internal@2@PEAPEAV342@@Z 0000000180002635 f   node:node.exe
 0001:00001641       __imp_load_??0EscapableHandleScope@v8@@QEAA@PEAVIsolate@1@@Z 0000000180002641 f   node:node.exe
 0001:0000164d       __imp_load_?NewFromUtf8@String@v8@@SA?AV?$MaybeLocal@VString@v8@@@2@PEAVIsolate@2@PEBDW4NewStringType@2@H@Z 000000018000264d f   node:node.exe
 0001:00001659       __imp_load_?New@Number@v8@@SA?AV?$Local@VNumber@v8@@@2@PEAVIsolate@2@N@Z 0000000180002659 f   node:node.exe
 0001:00001665       __imp_load_?SlowGetInternalField@Object@v8@@AEAA?AV?$Local@VValue@v8@@@2@H@Z 0000000180002665 f   node:node.exe
 0001:00001671       __imp_load_?SetInternalField@Object@v8@@QEAAXHV?$Local@VValue@v8@@@2@@Z 0000000180002671 f   node:node.exe
 0001:0000167d       __imp_load_?Get@Object@v8@@QEAA?AV?$Local@VValue@v8@@@2@V32@@Z 000000018000267d f   node:node.exe
 0001:00001689       __imp_load_?Get@Object@v8@@QEAA?AV?$Local@VValue@v8@@@2@I@Z 0000000180002689 f   node:node.exe
 0001:00001695       __imp_load_?Set@Object@v8@@QEAA_NV?$Local@VValue@v8@@@2@0@Z 0000000180002695 f   node:node.exe
 0001:000016a1       __imp_load_?SetInternalFieldCount@ObjectTemplate@v8@@QEAAXH@Z 00000001800026a1 f   node:node.exe
 0001:000016ad       __imp_load_?NewInstance@ObjectTemplate@v8@@QEAA?AV?$MaybeLocal@VObject@v8@@@2@V?$Local@VContext@v8@@@2@@Z 00000001800026ad f   node:node.exe
 0001:000016b9       __imp_load_?New@ObjectTemplate@v8@@SA?AV?$Local@VObjectTemplate@v8@@@2@PEAVIsolate@2@V?$Local@VFunctionTemplate@v8@@@2@@Z 00000001800026b9 f   node:node.exe
 0001:000016c5       __imp_load_node_module_register 00000001800026c5 f   node:node.exe
 0001:000016d1       __imp_load_?New@Buffer@node@@YA?AV?$MaybeLocal@VObject@v8@@@v8@@PEAVIsolate@4@PEAD_K@Z 00000001800026d1 f   node:node.exe
 0001:000016dd       __imp_load_?Data@Buffer@node@@YAPEADV?$Local@VObject@v8@@@v8@@@Z 00000001800026dd f   node:node.exe
 0001:000016ec       ??0bad_alloc@std@@QEAA@AEBV01@@Z 00000001800026ec f i libcpmt:xthrow.obj
 0001:0000172c       ??0bad_alloc@std@@QEAA@XZ  000000018000272c f i libcpmt:xthrow.obj
 0001:0000174c       ??0exception@std@@QEAA@AEBV01@@Z 000000018000274c f i libcpmt:xthrow.obj
 0001:00001784       ??0length_error@std@@QEAA@AEBV01@@Z 0000000180002784 f i libcpmt:xthrow.obj
 0001:000017c4       ??0length_error@std@@QEAA@PEBD@Z 00000001800027c4 f i libcpmt:xthrow.obj
 0001:00001810       ??0logic_error@std@@QEAA@AEBV01@@Z 0000000180002810 f i libcpmt:xthrow.obj
 0001:00001850       ??1bad_alloc@std@@UEAA@XZ  0000000180002850 f i libcpmt:xthrow.obj
 0001:00001850       ??1bad_array_new_length@std@@UEAA@XZ 0000000180002850 f i LIBCMT:throw_bad_alloc.obj
 0001:00001850       ??1length_error@std@@UEAA@XZ 0000000180002850 f i libcpmt:xthrow.obj
 0001:00001850       ??1bad_exception@std@@UEAA@XZ 0000000180002850 f i libvcruntime:frame.obj
 0001:00001864       ??_Elogic_error@std@@UEAAPEAXI@Z 0000000180002864 f i libcpmt:xthrow.obj
 0001:00001864       ??_Gbad_exception@std@@UEAAPEAXI@Z 0000000180002864 f i libvcruntime:frame.obj
 0001:00001864       ??_Ebad_alloc@std@@UEAAPEAXI@Z 0000000180002864 f i libcpmt:xthrow.obj
 0001:00001864       ??_Gbad_alloc@std@@UEAAPEAXI@Z 0000000180002864 f i libcpmt:xthrow.obj
 0001:00001864       ??_Glength_error@std@@UEAAPEAXI@Z 0000000180002864 f i libcpmt:xthrow.obj
 0001:00001864       ??_Gexception@std@@UEAAPEAXI@Z 0000000180002864 f i libcpmt:xthrow.obj
 0001:00001864       ??_Ebad_array_new_length@std@@UEAAPEAXI@Z 0000000180002864 f i LIBCMT:throw_bad_alloc.obj
 0001:00001864       ??_Gbad_array_new_length@std@@UEAAPEAXI@Z 0000000180002864 f i LIBCMT:throw_bad_alloc.obj
 0001:00001864       ??_Elength_error@std@@UEAAPEAXI@Z 0000000180002864 f i libcpmt:xthrow.obj
 0001:00001864       ??_Ebad_exception@std@@UEAAPEAXI@Z 0000000180002864 f i libvcruntime:frame.obj
 0001:00001864       ??_Eexception@std@@UEAAPEAXI@Z 0000000180002864 f i libcpmt:xthrow.obj
 0001:00001864       ??_Glogic_error@std@@UEAAPEAXI@Z 0000000180002864 f i libcpmt:xthrow.obj
 0001:000018a8       ?_Xlength_error@std@@YAXPEBD@Z 00000001800028a8 f   libcpmt:xthrow.obj
 0001:000018cc       ?what@exception@std@@UEBAPEBDXZ 00000001800028cc f i libcpmt:xthrow.obj
 0001:000018f0       __security_check_cookie    00000001800028f0 f   LIBCMT:amdsecgs.obj
 0001:00001914       ??2@YAPEAX_K@Z             0000000180002914 f   LIBCMT:new_scalar.obj
 0001:00001950       __scrt_acquire_startup_lock 0000000180002950 f   LIBCMT:utility.obj
 0001:0000198c       __scrt_dllmain_after_initialize_c 000000018000298c f   LIBCMT:utility.obj
 0001:000019c0       __scrt_dllmain_before_initialize_c 00000001800029c0 f   LIBCMT:utility.obj
 0001:000019d8       __scrt_dllmain_crt_thread_attach 00000001800029d8 f   LIBCMT:utility.obj
 0001:00001a00       __scrt_dllmain_crt_thread_detach 0000000180002a00 f   LIBCMT:utility.obj
 0001:00001a18       __scrt_dllmain_exception_filter 0000000180002a18 f   LIBCMT:utility.obj
 0001:00001a78       __scrt_dllmain_uninitialize_c 0000000180002a78 f   LIBCMT:utility.obj
 0001:00001aa8       __scrt_dllmain_uninitialize_critical 0000000180002aa8 f   LIBCMT:utility.obj
 0001:00001abc       __scrt_initialize_crt      0000000180002abc f   LIBCMT:utility.obj
 0001:00001b08       __scrt_initialize_onexit_tables 0000000180002b08 f   LIBCMT:utility.obj
 0001:00001be0       __scrt_is_nonwritable_in_current_image 0000000180002be0 f   LIBCMT:utility.obj
 0001:00001c7c       __scrt_release_startup_lock 0000000180002c7c f   LIBCMT:utility.obj
 0001:00001ca0       __scrt_uninitialize_crt    0000000180002ca0 f   LIBCMT:utility.obj
 0001:00001ccc       _onexit                    0000000180002ccc f   LIBCMT:utility.obj
 0001:00001d1c       atexit                     0000000180002d1c f   LIBCMT:utility.obj
 0001:00001d34       ??3@YAXPEAX_K@Z            0000000180002d34 f   LIBCMT:delete_scalar_size.obj
 0001:00001d3c       ??_U@YAPEAX_KAEBUnothrow_t@std@@@Z 0000000180002d3c f   LIBCMT:new_array_nothrow.obj
 0001:00002074       _DllMainCRTStartup         0000000180003074 f   LIBCMT:dll_dllmain.obj
 0001:000020b4       ??_Etype_info@@UEAAPEAXI@Z 00000001800030b4 f i LIBCMT:std_type_info_static.obj
 0001:000020b4       ??_Gtype_info@@UEAAPEAXI@Z 00000001800030b4 f i LIBCMT:std_type_info_static.obj
 0001:000020e0       __raise_securityfailure    00000001800030e0 f   LIBCMT:gs_report.obj
 0001:00002114       __report_gsfailure         0000000180003114 f   LIBCMT:gs_report.obj
 0001:000021e8       __report_rangecheckfailure 00000001800031e8 f   LIBCMT:gs_report.obj
 0001:000021fc       __report_securityfailure   00000001800031fc f   LIBCMT:gs_report.obj
 0001:0000237c       ??0bad_array_new_length@std@@QEAA@AEBV01@@Z 000000018000337c f i LIBCMT:throw_bad_alloc.obj
 0001:000023bc       ??0bad_array_new_length@std@@QEAA@XZ 00000001800033bc f i LIBCMT:throw_bad_alloc.obj
 0001:000023dc       ?__scrt_throw_std_bad_alloc@@YAXXZ 00000001800033dc f   LIBCMT:throw_bad_alloc.obj
 0001:000023fc       ?__scrt_throw_std_bad_array_new_length@@YAXXZ 00000001800033fc f   LIBCMT:throw_bad_alloc.obj
 0001:0000241c       __isa_available_init       000000018000341c f   LIBCMT:cpu_disp.obj
 0001:000025d8       DllMain                    00000001800035d8 f   LIBCMT:dll_dllmain_stub.obj
 0001:000025d8       _get_startup_argv_mode     00000001800035d8 f   LIBCMT:argv_mode.obj
 0001:000025e0       __scrt_is_ucrt_dll_in_use  00000001800035e0 f   LIBCMT:ucrt_detection.obj
 0001:000025ec       __crt_debugger_hook        00000001800035ec f   LIBCMT:utility_desktop.obj
 0001:000025f4       __scrt_fastfail            00000001800035f4 f   LIBCMT:utility_desktop.obj
 0001:00002740       _guard_check_icall_nop     0000000180003740 f i LIBCMT:guard_support.obj
 0001:00002744       ??3@YAXPEAX@Z              0000000180003744 f   LIBCMT:delete_scalar.obj
 0001:0000274c       ??2@YAPEAX_KAEBUnothrow_t@std@@@Z 000000018000374c f   LIBCMT:new_scalar_nothrow.obj
 0001:0000276c       __security_init_cookie     000000018000376c f   LIBCMT:gs_support.obj
 0001:00002818       ?__scrt_initialize_type_info@@YAXXZ 0000000180003818 f   LIBCMT:tncleanup.obj
 0001:00002828       ?__scrt_uninitialize_type_info@@YAXXZ 0000000180003828 f   LIBCMT:tncleanup.obj
 0001:00002834       __local_stdio_printf_options 0000000180003834 f i LIBCMT:default_local_stdio_options.obj
 0001:0000283c       __local_stdio_scanf_options 000000018000383c f i LIBCMT:default_local_stdio_options.obj
 0001:00002844       __scrt_initialize_default_local_stdio_options 0000000180003844 f   LIBCMT:default_local_stdio_options.obj
 0001:00002860       __scrt_get_dyn_tls_init_callback 0000000180003860 f   LIBCMT:dyn_tls_init.obj
 0001:00002868       _RTC_Initialize            0000000180003868 f   LIBCMT:initsect.obj
 0001:000028a4       _RTC_Terminate             00000001800038a4 f   LIBCMT:initsect.obj
 0001:000028e0       __std_exception_copy       00000001800038e0 f   libvcruntime:std_exception.obj
 0001:00002970       __std_exception_destroy    0000000180003970 f   libvcruntime:std_exception.obj
 0001:00002998       _CxxThrowException         0000000180003998 f   libvcruntime:throw.obj
 0001:00002a58       __vcrt_initialize          0000000180003a58 f   libvcruntime:initialization.obj
 0001:00002a8c       __vcrt_thread_attach       0000000180003a8c f   libvcruntime:initialization.obj
 0001:00002aa0       __vcrt_thread_detach       0000000180003aa0 f   libvcruntime:initialization.obj
 0001:00002ab4       __vcrt_uninitialize        0000000180003ab4 f   libvcruntime:initialization.obj
 0001:00002ad4       __vcrt_uninitialize_critical 0000000180003ad4 f   libvcruntime:initialization.obj
 0001:00002ae4       __C_specific_handler       0000000180003ae4 f   libvcruntime:riscchandler.obj
 0001:00002d00       memset_repmovs             0000000180003d00 f   libvcruntime:memset.obj
 0001:00002d20       memset                     0000000180003d20 f   libvcruntime:memset.obj
 0001:00002eb0       ??$_CallSETranslator@V__FrameHandler3@@@@YAHPEAUEHExceptionRecord@@PEA_KPEAU_CONTEXT@@PEAU_xDISPATCHER_CONTEXT@@PEBU_s_FuncInfo@@K1@Z 0000000180003eb0 f i libvcruntime:risctrnsctrl.obj
 0001:00002f04       ?CatchTryBlock@__FrameHandler3@@SAPEBU_s_TryBlockMapEntry@@PEBU_s_FuncInfo@@H@Z 0000000180003f04 f   libvcruntime:risctrnsctrl.obj
 0001:00002f5c       ?ExecutionInCatch@__FrameHandler3@@SA_NPEAU_xDISPATCHER_CONTEXT@@PEBU_s_FuncInfo@@@Z 0000000180003f5c f   libvcruntime:risctrnsctrl.obj
 0001:00002f88       ?FrameUnwindToEmptyState@__FrameHandler3@@SAXPEA_KPEAU_xDISPATCHER_CONTEXT@@PEBU_s_FuncInfo@@@Z 0000000180003f88 f   libvcruntime:risctrnsctrl.obj
 0001:00002fec       ?GetEstablisherFrame@__FrameHandler3@@SAPEA_KPEA_KPEAU_xDISPATCHER_CONTEXT@@PEBU_s_FuncInfo@@0@Z 0000000180003fec f   libvcruntime:risctrnsctrl.obj
 0001:000030b8       ?GetRangeOfTrysToCheck@__FrameHandler3@@SA?AU?$pair@Viterator@TryBlockMap@__FrameHandler3@@V123@@std@@AEAVTryBlockMap@1@HH@Z 00000001800040b8 f   libvcruntime:risctrnsctrl.obj
 0001:00003214       ?UnwindNestedFrames@__FrameHandler3@@SAXPEA_KPEAUEHExceptionRecord@@PEAU_CONTEXT@@0PEAXPEBU_s_FuncInfo@@HHPEBU_s_HandlerType@@PEAU_xDISPATCHER_CONTEXT@@E@Z 0000000180004214 f   libvcruntime:risctrnsctrl.obj
 0001:00003338       _CreateFrameInfo           0000000180004338 f   libvcruntime:risctrnsctrl.obj
 0001:00003374       _FindAndUnlinkFrame        0000000180004374 f   libvcruntime:risctrnsctrl.obj
 0001:000033c8       _GetImageBase              00000001800043c8 f   libvcruntime:risctrnsctrl.obj
 0001:000033dc       _GetThrowImageBase         00000001800043dc f   libvcruntime:risctrnsctrl.obj
 0001:000033f0       _SetImageBase              00000001800043f0 f   libvcruntime:risctrnsctrl.obj
 0001:00003408       _SetThrowImageBase         0000000180004408 f   libvcruntime:risctrnsctrl.obj
 0001:00003420       __CxxFrameHandler3         0000000180004420 f   libvcruntime:risctrnsctrl.obj
 0001:000034a0       __std_type_info_compare    00000001800044a0 f   libvcruntime:std_type_info.obj
 0001:000034c8       __std_type_info_destroy_list 00000001800044c8 f   libvcruntime:std_type_info.obj
 0001:000034f4       __vcrt_freefls             00000001800044f4 f   libvcruntime:per_thread_data.obj
 0001:00003514       __vcrt_freeptd             0000000180004514 f   libvcruntime:per_thread_data.obj
 0001:00003564       __vcrt_getptd              0000000180004564 f   libvcruntime:per_thread_data.obj
 0001:00003580       __vcrt_getptd_noexit       0000000180004580 f   libvcruntime:per_thread_data.obj
 0001:0000364c       __vcrt_initialize_ptd      000000018000464c f   libvcruntime:per_thread_data.obj
 0001:000036a0       __vcrt_uninitialize_ptd    00000001800046a0 f   libvcruntime:per_thread_data.obj
 0001:000036c4       __vcrt_initialize_locks    00000001800046c4 f   libvcruntime:locks.obj
 0001:0000370c       __vcrt_uninitialize_locks  000000018000470c f   libvcruntime:locks.obj
 0001:0000391c       __vcrt_FlsAlloc            000000018000491c f   libvcruntime:winapi_downlevel.obj
 0001:00003964       __vcrt_FlsFree             0000000180004964 f   libvcruntime:winapi_downlevel.obj
 0001:000039ac       __vcrt_FlsGetValue         00000001800049ac f   libvcruntime:winapi_downlevel.obj
 0001:000039f4       __vcrt_FlsSetValue         00000001800049f4 f   libvcruntime:winapi_downlevel.obj
 0001:00003a48       __vcrt_InitializeCriticalSectionEx 0000000180004a48 f   libvcruntime:winapi_downlevel.obj
 0001:00003aac       __vcrt_initialize_winapi_thunks 0000000180004aac f   libvcruntime:winapi_downlevel.obj
 0001:00003adc       __vcrt_uninitialize_winapi_thunks 0000000180004adc f   libvcruntime:winapi_downlevel.obj
 0001:00003b1c       __vcrt_initialize_pure_virtual_call_handler 0000000180004b1c f   libvcruntime:purevirt_data.obj
 0001:00003b40       _NLG_Notify                0000000180004b40 f   libvcruntime:notify.obj
 0001:00003b60       __NLG_Dispatch2            0000000180004b60 f   libvcruntime:notify.obj
 0001:00003b70       __NLG_Return2              0000000180004b70 f   libvcruntime:notify.obj
 0001:00003b74       __except_validate_context_record 0000000180004b74 f   libvcruntime:jbcxrval.obj
 0001:00003bac       __DestructExceptionObject  0000000180004bac f   libvcruntime:ehhelpers.obj
 0001:00003c20       ?_CallMemberFunction0@@YAXQEAX0@Z 0000000180004c20 f i libvcruntime:ehhelpers.obj
 0001:00003c24       _IsExceptionObjectToBeDestroyed 0000000180004c24 f   libvcruntime:ehhelpers.obj
 0001:00003c54       __AdjustPointer            0000000180004c54 f   libvcruntime:ehhelpers.obj
 0001:00003c78       __FrameUnwindFilter        0000000180004c78 f   libvcruntime:ehhelpers.obj
 0001:00003cc4       ?GetCurrentState@__FrameHandler3@@SAHPEA_KPEAU_xDISPATCHER_CONTEXT@@PEBU_s_FuncInfo@@@Z 0000000180004cc4 f   libvcruntime:ehstate.obj
 0001:00003cec       ?GetUnwindTryBlock@__FrameHandler3@@SAHPEA_KPEAU_xDISPATCHER_CONTEXT@@PEBU_s_FuncInfo@@@Z 0000000180004cec f   libvcruntime:ehstate.obj
 0001:00003d18       ?SetState@__FrameHandler3@@SAXPEA_KPEBU_s_FuncInfo@@H@Z 0000000180004d18 f   libvcruntime:ehstate.obj
 0001:00003d24       ?SetUnwindTryBlock@__FrameHandler3@@SAXPEA_KPEAU_xDISPATCHER_CONTEXT@@PEBU_s_FuncInfo@@H@Z 0000000180004d24 f   libvcruntime:ehstate.obj
 0001:00003d60       ?StateFromControlPc@__FrameHandler3@@SAHPEBU_s_FuncInfo@@PEAU_xDISPATCHER_CONTEXT@@@Z 0000000180004d60 f   libvcruntime:ehstate.obj
 0001:00003d68       ?StateFromIp@__FrameHandler3@@SAHPEBU_s_FuncInfo@@PEAU_xDISPATCHER_CONTEXT@@_K@Z 0000000180004d68 f   libvcruntime:ehstate.obj
 0001:000047f4       ??$TypeMatchHelper@V__FrameHandler3@@@@YAHPEBU_s_HandlerType@@PEBU_s_CatchableType@@PEBU_s_ThrowInfo@@@Z 00000001800057f4 f i libvcruntime:frame.obj
 0001:00004938       ??$__InternalCxxFrameHandler@V__FrameHandler3@@@@YA?AW4_EXCEPTION_DISPOSITION@@PEAUEHExceptionRecord@@PEA_KPEAU_CONTEXT@@PEAU_xDISPATCHER_CONTEXT@@PEBU_s_FuncInfo@@H1E@Z 0000000180005938 f i libvcruntime:frame.obj
 0001:00004b80       ??0bad_exception@std@@QEAA@AEBV01@@Z 0000000180005b80 f i libvcruntime:frame.obj
 0001:00004bc0       ??0bad_exception@std@@QEAA@XZ 0000000180005bc0 f i libvcruntime:frame.obj
 0001:00004be0       ?CxxCallCatchBlock@__FrameHandler3@@SAPEAXPEAU_EXCEPTION_RECORD@@@Z 0000000180005be0 f   libvcruntime:frame.obj
 0001:00004e54       ?FrameUnwindToState@__FrameHandler3@@SAXPEA_KPEAU_xDISPATCHER_CONTEXT@@PEBU_s_FuncInfo@@H@Z 0000000180005e54 f   libvcruntime:frame.obj
 0001:00004fe8       ?GetHandlerSearchState@__FrameHandler3@@SAHPEA_KPEAU_xDISPATCHER_CONTEXT@@PEBU_s_FuncInfo@@@Z 0000000180005fe8 f i libvcruntime:frame.obj
 0001:000051ec       ?_CallMemberFunction1@@YAXQEAX00@Z 00000001800061ec f i libvcruntime:frame.obj
 0001:000051f8       ?_CallMemberFunction2@@YAXQEAX00H@Z 00000001800061f8 f i libvcruntime:frame.obj
 0001:00005220       _CallSettingFrame          0000000180006220 f   libvcruntime:handlers.obj
 0001:00005270       _CallSettingFrameEncoded   0000000180006270 f   libvcruntime:handlers.obj
 0001:000052d0       memcpy_repmovs             00000001800062d0 f   libvcruntime:memcpy.obj
 0001:000052f0       memmove                    00000001800062f0 f   libvcruntime:memcpy.obj
 0001:000052f0       memcpy                     00000001800062f0 f   libvcruntime:memcpy.obj
 0001:00005728       free                       0000000180006728 f   libucrt:free.obj
 0001:00005e54       ??$ftprintf@PEAU_iobuf@@PEB_WAEBQEB_WAEBQEB_WAEBI@?$__crt_char_traits@_W@@SAH$$QEAPEAU_iobuf@@$$QEAPEB_WAEBQEB_W2AEBI@Z 0000000180006e54 f i libucrt:assert.obj
 0001:00005e7c       _wassert                   0000000180006e7c f   libucrt:assert.obj
 0001:00005ef0       fwprintf                   0000000180006ef0 f i libucrt:assert.obj
 0001:00005f34       swprintf                   0000000180006f34 f i libucrt:assert.obj
 0001:00005f88       __acrt_call_reportfault    0000000180006f88 f   libucrt:invalid_parameter.obj
 0001:000060e4       __acrt_initialize_invalid_parameter_handler 00000001800070e4 f   libucrt:invalid_parameter.obj
 0001:000060ec       _invalid_parameter         00000001800070ec f   libucrt:invalid_parameter.obj
 0001:0000619c       _invalid_parameter_noinfo  000000018000719c f   libucrt:invalid_parameter.obj
 0001:000061bc       _invalid_parameter_noinfo_noreturn 00000001800071bc f   libucrt:invalid_parameter.obj
 0001:000061ec       _invoke_watson             00000001800071ec f   libucrt:invalid_parameter.obj
 0001:00006234       ??0_LocaleUpdate@@QEAA@QEAU__crt_locale_pointers@@@Z 0000000180007234 f i libucrt:stricmp.obj
 0001:000062d0       __ascii_stricmp            00000001800072d0 f   libucrt:stricmp.obj
 0001:00006310       _stricmp                   0000000180007310 f   libucrt:stricmp.obj
 0001:00006358       _stricmp_l                 0000000180007358 f   libucrt:stricmp.obj
 0001:0000640c       __acrt_initialize_new_handler 000000018000740c f   libucrt:new_handler.obj
 0001:00006414       _callnewh                  0000000180007414 f   libucrt:new_handler.obj
 0001:00006444       _query_new_handler         0000000180007444 f   libucrt:new_handler.obj
 0001:00006478       malloc                     0000000180007478 f   libucrt:malloc.obj
 0001:00006480       _seh_filter_dll            0000000180007480 f   libucrt:exception_filter.obj
 0001:00006494       _seh_filter_exe            0000000180007494 f   libucrt:exception_filter.obj
 0001:00006884       __acrt_initialize_thread_local_exit_callback 0000000180007884 f   libucrt:exit.obj
 0001:0000688c       _cexit                     000000018000788c f   libucrt:exit.obj
 0001:0000689c       _exit                      000000018000789c f   libucrt:exit.obj
 0001:000068a8       _is_c_termination_complete 00000001800078a8 f   libucrt:exit.obj
 0001:00006a74       __acrt_allocate_buffer_for_argv 0000000180007a74 f   libucrt:argv_parsing.obj
 0001:00006ad4       _configure_narrow_argv     0000000180007ad4 f   libucrt:argv_parsing.obj
 0001:00006e4c       __dcrt_uninitialize_environments_nolock 0000000180007e4c f   libucrt:environment_initialization.obj
 0001:00006e84       _initialize_narrow_environment 0000000180007e84 f   libucrt:environment_initialization.obj
 0001:000071cc       _crt_atexit                00000001800081cc f   libucrt:onexit.obj
 0001:000071dc       _execute_onexit_table      00000001800081dc f   libucrt:onexit.obj
 0001:00007218       _initialize_onexit_table   0000000180008218 f   libucrt:onexit.obj
 0001:00007240       _register_onexit_function  0000000180008240 f   libucrt:onexit.obj
 0001:000072c0       __acrt_uninitialize_command_line 00000001800082c0 f   libucrt:argv_data.obj
 0001:000073b8       __acrt_initialize          00000001800083b8 f   libucrt:initialization.obj
 0001:000073cc       __acrt_thread_attach       00000001800083cc f   libucrt:initialization.obj
 0001:000073e0       __acrt_thread_detach       00000001800083e0 f   libucrt:initialization.obj
 0001:000073f0       __acrt_uninitialize        00000001800083f0 f   libucrt:initialization.obj
 0001:00007428       __acrt_uninitialize_critical 0000000180008428 f   libucrt:initialization.obj
 0001:00007438       _initterm                  0000000180008438 f   libucrt:initterm.obj
 0001:0000749c       _initterm_e                000000018000849c f   libucrt:initterm.obj
 0001:000074dc       terminate                  00000001800084dc f   libucrt:terminate.obj
 0001:000074fc       strcpy_s                   00000001800084fc f   libucrt:strcpy_s.obj
 0001:0000755c       abort                      000000018000855c f   libucrt:abort.obj
 0001:000075b4       calloc                     00000001800085b4 f   libucrt:calloc.obj
 0001:000075bc       wcsncmp                    00000001800085bc f   libucrt:wcsncmp.obj
 0001:000077fc       ??$ensure_buffer_is_big_enough@D@formatting_buffer@__crt_stdio_output@@QEAA_N_K@Z 00000001800087fc f i libucrt:output.obj
 0001:000078a4       ??$ensure_buffer_is_big_enough@_W@formatting_buffer@__crt_stdio_output@@QEAA_N_K@Z 00000001800088a4 f i libucrt:output.obj
 0001:00007950       ??$is_wide_character_specifier@_W@__crt_stdio_output@@YA_N_K_WW4length_modifier@0@@Z 0000000180008950 f i libucrt:output.obj
 0001:00007990       ??$type_case_integer_parse_into_buffer@I@?$output_processor@_WV?$string_output_adapter@_W@__crt_stdio_output@@V?$standard_base@_WV?$string_output_adapter@_W@__crt_stdio_output@@@2@@__crt_stdio_output@@AEAAXII_N@Z 0000000180008990 f i libucrt:output.obj
 0001:00007990       ??$type_case_integer_parse_into_buffer@I@?$output_processor@_WV?$stream_output_adapter@_W@__crt_stdio_output@@V?$standard_base@_WV?$stream_output_adapter@_W@__crt_stdio_output@@@2@@__crt_stdio_output@@AEAAXII_N@Z 0000000180008990 f i libucrt:output.obj
 0001:00007a34       ??$type_case_integer_parse_into_buffer@_K@?$output_processor@_WV?$stream_output_adapter@_W@__crt_stdio_output@@V?$standard_base@_WV?$stream_output_adapter@_W@__crt_stdio_output@@@2@@__crt_stdio_output@@AEAAX_KI_N@Z 0000000180008a34 f i libucrt:output.obj
 0001:00007a34       ??$type_case_integer_parse_into_buffer@_K@?$output_processor@_WV?$string_output_adapter@_W@__crt_stdio_output@@V?$standard_base@_WV?$string_output_adapter@_W@__crt_stdio_output@@@2@@__crt_stdio_output@@AEAAX_KI_N@Z 0000000180008a34 f i libucrt:output.obj
 0001:00007ad8       ??$write_multiple_characters@V?$stream_output_adapter@_W@__crt_stdio_output@@D@__crt_stdio_output@@YAXAEBV?$stream_output_adapter@_W@0@DHQEAH@Z 0000000180008ad8 f i libucrt:output.obj
 0001:00007b6c       ??$write_multiple_characters@V?$string_output_adapter@_W@__crt_stdio_output@@D@__crt_stdio_output@@YAXAEBV?$string_output_adapter@_W@0@DHQEAH@Z 0000000180008b6c f i libucrt:output.obj
 0001:00007d1c       ?crop_zeroes@__crt_stdio_output@@YAXPEADQEAU__crt_locale_pointers@@@Z 0000000180008d1c f i libucrt:output.obj
 0001:00007d88       ?force_decimal_point@__crt_stdio_output@@YAXPEADQEAU__crt_locale_pointers@@@Z 0000000180008d88 f i libucrt:output.obj
 0001:00007df8       ?parse_int_from_format_string@?$output_processor@_WV?$stream_output_adapter@_W@__crt_stdio_output@@V?$standard_base@_WV?$stream_output_adapter@_W@__crt_stdio_output@@@2@@__crt_stdio_output@@AEAA_NQEAH@Z 0000000180008df8 f i libucrt:output.obj
 0001:00007df8       ?parse_int_from_format_string@?$output_processor@_WV?$string_output_adapter@_W@__crt_stdio_output@@V?$standard_base@_WV?$string_output_adapter@_W@__crt_stdio_output@@@2@@__crt_stdio_output@@AEAA_NQEAH@Z 0000000180008df8 f i libucrt:output.obj
 0001:00007e9c       ?process@?$output_processor@_WV?$stream_output_adapter@_W@__crt_stdio_output@@V?$standard_base@_WV?$stream_output_adapter@_W@__crt_stdio_output@@@2@@__crt_stdio_output@@QEAAHXZ 0000000180008e9c f i libucrt:output.obj
 0001:00008108       ?process@?$output_processor@_WV?$string_output_adapter@_W@__crt_stdio_output@@V?$standard_base@_WV?$string_output_adapter@_W@__crt_stdio_output@@@2@@__crt_stdio_output@@QEAAHXZ 0000000180009108 f i libucrt:output.obj
 0001:00008384       ?state_case_size@?$output_processor@_WV?$stream_output_adapter@_W@__crt_stdio_output@@V?$standard_base@_WV?$stream_output_adapter@_W@__crt_stdio_output@@@2@@__crt_stdio_output@@AEAA_NXZ 0000000180009384 f i libucrt:output.obj
 0001:0000851c       ?state_case_size@?$output_processor@_WV?$string_output_adapter@_W@__crt_stdio_output@@V?$standard_base@_WV?$string_output_adapter@_W@__crt_stdio_output@@@2@@__crt_stdio_output@@AEAA_NXZ 000000018000951c f i libucrt:output.obj
 0001:000086b4       ?state_case_type@?$output_processor@_WV?$stream_output_adapter@_W@__crt_stdio_output@@V?$standard_base@_WV?$stream_output_adapter@_W@__crt_stdio_output@@@2@@__crt_stdio_output@@AEAA_NXZ 00000001800096b4 f i libucrt:output.obj
 0001:00008994       ?state_case_type@?$output_processor@_WV?$string_output_adapter@_W@__crt_stdio_output@@V?$standard_base@_WV?$string_output_adapter@_W@__crt_stdio_output@@@2@@__crt_stdio_output@@AEAA_NXZ 0000000180009994 f i libucrt:output.obj
 0001:00008c60       ?type_case_Z@?$output_processor@_WV?$stream_output_adapter@_W@__crt_stdio_output@@V?$standard_base@_WV?$stream_output_adapter@_W@__crt_stdio_output@@@2@@__crt_stdio_output@@AEAA_NXZ 0000000180009c60 f i libucrt:output.obj
 0001:00008c60       ?type_case_Z@?$output_processor@_WV?$string_output_adapter@_W@__crt_stdio_output@@V?$standard_base@_WV?$string_output_adapter@_W@__crt_stdio_output@@@2@@__crt_stdio_output@@AEAA_NXZ 0000000180009c60 f i libucrt:output.obj
 0001:00008cdc       ?type_case_a@?$output_processor@_WV?$string_output_adapter@_W@__crt_stdio_output@@V?$standard_base@_WV?$string_output_adapter@_W@__crt_stdio_output@@@2@@__crt_stdio_output@@AEAA_NXZ 0000000180009cdc f i libucrt:output.obj
 0001:00008cdc       ?type_case_a@?$output_processor@_WV?$stream_output_adapter@_W@__crt_stdio_output@@V?$standard_base@_WV?$stream_output_adapter@_W@__crt_stdio_output@@@2@@__crt_stdio_output@@AEAA_NXZ 0000000180009cdc f i libucrt:output.obj
 0001:00008ebc       ?type_case_c_tchar@?$output_processor@_WV?$string_output_adapter@_W@__crt_stdio_output@@V?$standard_base@_WV?$string_output_adapter@_W@__crt_stdio_output@@@2@@__crt_stdio_output@@AEAA_N_W@Z 0000000180009ebc f i libucrt:output.obj
 0001:00008ebc       ?type_case_c_tchar@?$output_processor@_WV?$stream_output_adapter@_W@__crt_stdio_output@@V?$standard_base@_WV?$stream_output_adapter@_W@__crt_stdio_output@@@2@@__crt_stdio_output@@AEAA_N_W@Z 0000000180009ebc f i libucrt:output.obj
 0001:00008f64       ?type_case_integer@?$output_processor@_WV?$stream_output_adapter@_W@__crt_stdio_output@@V?$standard_base@_WV?$stream_output_adapter@_W@__crt_stdio_output@@@2@@__crt_stdio_output@@AEAA_NI_N@Z 0000000180009f64 f i libucrt:output.obj
 0001:00008f64       ?type_case_integer@?$output_processor@_WV?$string_output_adapter@_W@__crt_stdio_output@@V?$standard_base@_WV?$string_output_adapter@_W@__crt_stdio_output@@@2@@__crt_stdio_output@@AEAA_NI_N@Z 0000000180009f64 f i libucrt:output.obj
 0001:00009130       ?type_case_n@?$output_processor@_WV?$stream_output_adapter@_W@__crt_stdio_output@@V?$standard_base@_WV?$stream_output_adapter@_W@__crt_stdio_output@@@2@@__crt_stdio_output@@AEAA_NXZ 000000018000a130 f i libucrt:output.obj
 0001:00009130       ?type_case_n@?$output_processor@_WV?$string_output_adapter@_W@__crt_stdio_output@@V?$standard_base@_WV?$string_output_adapter@_W@__crt_stdio_output@@@2@@__crt_stdio_output@@AEAA_NXZ 000000018000a130 f i libucrt:output.obj
 0001:0000920c       ?type_case_s@?$output_processor@_WV?$string_output_adapter@_W@__crt_stdio_output@@V?$standard_base@_WV?$string_output_adapter@_W@__crt_stdio_output@@@2@@__crt_stdio_output@@AEAA_NXZ 000000018000a20c f i libucrt:output.obj
 0001:0000920c       ?type_case_s@?$output_processor@_WV?$stream_output_adapter@_W@__crt_stdio_output@@V?$standard_base@_WV?$stream_output_adapter@_W@__crt_stdio_output@@@2@@__crt_stdio_output@@AEAA_NXZ 000000018000a20c f i libucrt:output.obj
 0001:000092d4       ?write_stored_string_tchar@?$output_processor@_WV?$stream_output_adapter@_W@__crt_stdio_output@@V?$standard_base@_WV?$stream_output_adapter@_W@__crt_stdio_output@@@2@@__crt_stdio_output@@AEAA_N_W@Z 000000018000a2d4 f i libucrt:output.obj
 0001:000093dc       ?write_stored_string_tchar@?$output_processor@_WV?$string_output_adapter@_W@__crt_stdio_output@@V?$standard_base@_WV?$string_output_adapter@_W@__crt_stdio_output@@@2@@__crt_stdio_output@@AEAA_N_W@Z 000000018000a3dc f i libucrt:output.obj
 0001:000094c8       ?write_string@?$string_output_adapter@_W@__crt_stdio_output@@QEBAXQEB_WHQEAHAEAV__crt_deferred_errno_cache@@@Z 000000018000a4c8 f i libucrt:output.obj
 0001:00009570       ?write_string_impl@?$output_adapter_common@_WV?$stream_output_adapter@_W@__crt_stdio_output@@@__crt_stdio_output@@IEBAXQEB_WHQEAHAEAV__crt_deferred_errno_cache@@@Z 000000018000a570 f i libucrt:output.obj
 0001:00009674       __stdio_common_vfwprintf   000000018000a674 f   libucrt:output.obj
 0001:00009700       __stdio_common_vswprintf   000000018000a700 f   libucrt:output.obj
 0001:00009708       ??$parse_integer@KV?$c_string_character_source@_W@__crt_strtox@@@__crt_strtox@@YAKQEAU__crt_locale_pointers@@V?$c_string_character_source@_W@0@H_N@Z 000000018000a708 f i libucrt:atox.obj
 0001:00009dd0       strncmp                    000000018000add0 f   libucrt:strncmp.obj
 0001:00009e50       _free_base                 000000018000ae50 f   libucrt:free_base.obj
 0001:00009e90       _query_app_type            000000018000ae90 f   libucrt:report_runtime_error.obj
 0001:00009e98       __acrt_errno_from_os_error 000000018000ae98 f   libucrt:errno.obj
 0001:00009ee0       __acrt_errno_map_os_error  000000018000aee0 f   libucrt:errno.obj
 0001:00009f30       __doserrno                 000000018000af30 f   libucrt:errno.obj
 0001:00009f50       _errno                     000000018000af50 f   libucrt:errno.obj
 0001:0000a0b0       _itow_s                    000000018000b0b0 f   libucrt:xtoa.obj
 0001:0000a0d0       _set_error_mode            000000018000b0d0 f   libucrt:set_error_mode.obj
 0001:0000a110       wcscat_s                   000000018000b110 f   libucrt:wcscat_s.obj
 0001:0000a190       wcscpy_s                   000000018000b190 f   libucrt:wcscpy_s.obj
 0001:0000a1f8       wcsncat_s                  000000018000b1f8 f   libucrt:wcsncat_s.obj
 0001:0000a2f8       ??$__acrt_wcs_to_mbs_cp@U__crt_win32_buffer_no_resizing@@@@YAHQEB_WAEAV?$__crt_win32_buffer@DU__crt_win32_buffer_no_resizing@@@@I@Z 000000018000b2f8 f i libucrt:getmodulefilenamea.obj
 0001:0000a40c       __acrt_GetModuleFileNameA  000000018000b40c f   libucrt:getmodulefilenamea.obj
 0001:0000a52c       __acrt_show_wide_message_box 000000018000b52c f   libucrt:crtmbox.obj
 0001:0000a5d0       __acrt_initialize_stdio    000000018000b5d0 f   libucrt:_file.obj
 0001:0000a6f0       __acrt_iob_func            000000018000b6f0 f   libucrt:_file.obj
 0001:0000a704       __acrt_uninitialize_stdio  000000018000b704 f   libucrt:_file.obj
 0001:0000a760       _lock_file                 000000018000b760 f   libucrt:_file.obj
 0001:0000a76c       _unlock_file               000000018000b76c f   libucrt:_file.obj
 0001:0000a994       __acrt_stdio_flush_nolock  000000018000b994 f   libucrt:fflush.obj
 0001:0000aa10       _fflush_nolock             000000018000ba10 f   libucrt:fflush.obj
 0001:0000aa5c       _flushall                  000000018000ba5c f   libucrt:fflush.obj
 0001:0000aa64       fflush                     000000018000ba64 f   libucrt:fflush.obj
 0001:0000abec       setvbuf                    000000018000bbec f   libucrt:setvbuf.obj
 0001:0000acd0       __acrt_get_sigabrt_handler 000000018000bcd0 f   libucrt:signal.obj
 0001:0000ad00       __acrt_initialize_signal_handlers 000000018000bd00 f   libucrt:signal.obj
 0001:0000ad20       raise                      000000018000bd20 f   libucrt:signal.obj
 0001:0000b304       __acrt_freeptd             000000018000c304 f   libucrt:per_thread_data.obj
 0001:0000b348       __acrt_getptd              000000018000c348 f   libucrt:per_thread_data.obj
 0001:0000b41c       __acrt_getptd_head         000000018000c41c f   libucrt:per_thread_data.obj
 0001:0000b4c4       __acrt_getptd_noexit       000000018000c4c4 f   libucrt:per_thread_data.obj
 0001:0000b590       __acrt_initialize_ptd      000000018000c590 f   libucrt:per_thread_data.obj
 0001:0000b5cc       __acrt_uninitialize_ptd    000000018000c5cc f   libucrt:per_thread_data.obj
 0001:0000b650       _tolower_l                 000000018000c650 f   libucrt:tolower_toupper.obj
 0001:0000b790       tolower                    000000018000c790 f   libucrt:tolower_toupper.obj
 0001:0000b7bc       __acrt_update_locale_info  000000018000c7bc f   libucrt:locale_update.obj
 0001:0000b7f0       __acrt_update_multibyte_info 000000018000c7f0 f   libucrt:locale_update.obj
 0001:0000b894       __acrt_set_locale_changed  000000018000c894 f   libucrt:wsetlocale.obj
 0001:0000b8a0       __acrt_uninitialize_locale 000000018000c8a0 f   libucrt:wsetlocale.obj
 0001:0000b8d0       __acrt_initialize_locks    000000018000c8d0 f   libucrt:locks.obj
 0001:0000b918       __acrt_lock                000000018000c918 f   libucrt:locks.obj
 0001:0000b934       __acrt_uninitialize_locks  000000018000c934 f   libucrt:locks.obj
 0001:0000b96c       __acrt_unlock              000000018000c96c f   libucrt:locks.obj
 0001:0000b988       _malloc_base               000000018000c988 f   libucrt:malloc_base.obj
 0001:0000b9e8       __acrt_get_developer_information_policy 000000018000c9e8 f   libucrt:win_policies.obj
 0001:0000ba3c       __acrt_get_process_end_policy 000000018000ca3c f   libucrt:win_policies.obj
 0001:0000ba78       __acrt_get_windowing_model_policy 000000018000ca78 f   libucrt:win_policies.obj
 0001:0000bae4       _calloc_base               000000018000cae4 f   libucrt:calloc_base.obj
 0001:0000bb70       ??$__acrt_mbs_to_wcs_cp@U__crt_win32_buffer_internal_dynamic_resizing@@@@YAHQEBDAEAV?$__crt_win32_buffer@_WU__crt_win32_buffer_internal_dynamic_resizing@@@@I@Z 000000018000cb70 f i libucrt:argv_wildcards.obj
 0001:0000bce8       ??$__acrt_wcs_to_mbs_cp@U__crt_win32_buffer_internal_dynamic_resizing@@@@YAHQEB_WAEAV?$__crt_win32_buffer@DU__crt_win32_buffer_internal_dynamic_resizing@@@@I@Z 000000018000cce8 f i libucrt:argv_wildcards.obj
 0001:0000c518       __acrt_expand_narrow_argv_wildcards 000000018000d518 f   libucrt:argv_wildcards.obj
 0001:0000cc4c       __acrt_initialize_multibyte 000000018000dc4c f   libucrt:mbctype.obj
 0001:0000ccac       __acrt_update_thread_multibyte_data 000000018000dcac f   libucrt:mbctype.obj
 0001:0000ccc8       _setmbcp_nolock            000000018000dcc8 f   libucrt:mbctype.obj
 0001:0000cffc       _ismbblead                 000000018000dffc f   libucrt:ismbbyte.obj
 0001:0000d010       __acrt_initialize_command_line 000000018000e010 f   libucrt:argv_data.obj
 0001:0000d038       __acrt_MultiByteToWideChar 000000018000e038 f   libucrt:multibytetowidechar.obj
 0001:0000d094       __acrt_WideCharToMultiByte 000000018000e094 f   libucrt:widechartomultibyte.obj
 0001:0000d12c       __dcrt_get_narrow_environment_from_os 000000018000e12c f   libucrt:get_environment_from_os.obj
 0001:0000d230       _recalloc_base             000000018000e230 f   libucrt:recalloc.obj
 0001:0000d4a0       __acrt_AppPolicyGetProcessTerminationMethodInternal 000000018000e4a0 f   libucrt:winapi_thunks.obj
 0001:0000d4f0       __acrt_AppPolicyGetShowDeveloperDiagnosticInternal 000000018000e4f0 f   libucrt:winapi_thunks.obj
 0001:0000d540       __acrt_AppPolicyGetWindowingModelInternal 000000018000e540 f   libucrt:winapi_thunks.obj
 0001:0000d590       __acrt_AreFileApisANSI     000000018000e590 f   libucrt:winapi_thunks.obj
 0001:0000d5cc       __acrt_FlsAlloc            000000018000e5cc f   libucrt:winapi_thunks.obj
 0001:0000d614       __acrt_FlsFree             000000018000e614 f   libucrt:winapi_thunks.obj
 0001:0000d65c       __acrt_FlsGetValue         000000018000e65c f   libucrt:winapi_thunks.obj
 0001:0000d6a4       __acrt_FlsSetValue         000000018000e6a4 f   libucrt:winapi_thunks.obj
 0001:0000d6f8       __acrt_InitializeCriticalSectionEx 000000018000e6f8 f   libucrt:winapi_thunks.obj
 0001:0000d75c       __acrt_LCMapStringEx       000000018000e75c f   libucrt:winapi_thunks.obj
 0001:0000d838       __acrt_LocaleNameToLCID    000000018000e838 f   libucrt:winapi_thunks.obj
 0001:0000d888       __acrt_MessageBoxW         000000018000e888 f   libucrt:winapi_thunks.obj
 0001:0000d8fc       __acrt_can_show_message_box 000000018000e8fc f   libucrt:winapi_thunks.obj
 0001:0000d96c       __acrt_get_parent_window   000000018000e96c f   libucrt:winapi_thunks.obj
 0001:0000d9e4       __acrt_initialize_winapi_thunks 000000018000e9e4 f   libucrt:winapi_thunks.obj
 0001:0000da18       __acrt_is_interactive      000000018000ea18 f   libucrt:winapi_thunks.obj
 0001:0000dae0       __acrt_uninitialize_winapi_thunks 000000018000eae0 f   libucrt:winapi_thunks.obj
 0001:0000db24       __acrt_initialize_heap     000000018000eb24 f   libucrt:heap_handle.obj
 0001:0000db40       __acrt_uninitialize_heap   000000018000eb40 f   libucrt:heap_handle.obj
 0001:0000dd48       __acrt_initialize_lowio    000000018000ed48 f   libucrt:ioinit.obj
 0001:0000dd84       __acrt_uninitialize_lowio  000000018000ed84 f   libucrt:ioinit.obj
 0001:0000ddc4       __acrt_execute_initializers 000000018000edc4 f   libucrt:shared_initialization.obj
 0001:0000de44       __acrt_execute_uninitializers 000000018000ee44 f   libucrt:shared_initialization.obj
 0001:0000de80       __acrt_has_user_matherr    000000018000ee80 f   libucrt:matherr.obj
 0001:0000dea0       __acrt_initialize_user_matherr 000000018000eea0 f   libucrt:matherr.obj
 0001:0000dea8       __acrt_invoke_user_matherr 000000018000eea8 f   libucrt:matherr.obj
 0001:0000ded8       __acrt_stdio_begin_temporary_buffering_nolock 000000018000eed8 f   libucrt:_sftbuf.obj
 0001:0000dfa8       __acrt_stdio_end_temporary_buffering_nolock 000000018000efa8 f   libucrt:_sftbuf.obj
 0001:0000dfe4       isdigit                    000000018000efe4 f i libucrt:_ctype.obj
 0001:0000e078       wcstol                     000000018000f078 f   libucrt:strtox.obj
 0001:0000e0a4       _mbtowc_l                  000000018000f0a4 f   libucrt:mbtowc.obj
 0001:0000e220       mbtowc                     000000018000f220 f   libucrt:mbtowc.obj
 0001:0000e228       _wctomb_s_l                000000018000f228 f   libucrt:wctomb.obj
 0001:0000e3c8       wctomb_s                   000000018000f3c8 f   libucrt:wctomb.obj
 0001:0000e3dc       wcsnlen                    000000018000f3dc f   libucrt:strnlen.obj
 0001:0000ef88       __acrt_fp_format           000000018000ff88 f   libucrt:cvt.obj
 0001:0000f210       _fputwc_nolock             0000000180010210 f   libucrt:fputwc.obj
 0001:0000f38c       _fileno                    000000018001038c f   libucrt:fileno.obj
 0001:0000f3b4       _fputc_nolock              00000001800103b4 f   libucrt:fputc.obj
 0001:0000f3cc       _get_printf_count_output   00000001800103cc f   libucrt:printf_count_output.obj
 0001:0000f3e4       __pctype_func              00000001800103e4 f   libucrt:ctype.obj
 0001:0000f414       iswctype                   0000000180010414 f   libucrt:iswctype.obj
 0001:0000f484       _isctype_l                 0000000180010484 f   libucrt:isctype.obj
 0001:0000f594       _fcloseall                 0000000180010594 f   libucrt:closeall.obj
 0001:0000f648       __acrt_stdio_free_buffer_nolock 0000000180010648 f   libucrt:_freebuf.obj
 0001:0000f714       _commit                    0000000180010714 f   libucrt:commit.obj
 0001:00010014       _write                     0000000180011014 f   libucrt:write.obj
 0001:00010100       _write_nolock              0000000180011100 f   libucrt:write.obj
 0001:000103dc       __acrt_add_locale_ref      00000001800113dc f   libucrt:locale_refcounting.obj
 0001:00010468       __acrt_free_locale         0000000180011468 f   libucrt:locale_refcounting.obj
 0001:000105e0       __acrt_locale_add_lc_time_reference 00000001800115e0 f   libucrt:locale_refcounting.obj
 0001:00010608       __acrt_locale_free_lc_time_if_unreferenced 0000000180011608 f   libucrt:locale_refcounting.obj
 0001:00010640       __acrt_locale_release_lc_time_reference 0000000180011640 f   libucrt:locale_refcounting.obj
 0001:00010668       __acrt_release_locale_ref  0000000180011668 f   libucrt:locale_refcounting.obj
 0001:00010710       __acrt_update_thread_locale_data 0000000180011710 f   libucrt:locale_refcounting.obj
 0001:00010780       _updatetlocinfoEx_nolock   0000000180011780 f   libucrt:locale_refcounting.obj
 0001:000107e8       _isleadbyte_l              00000001800117e8 f i libucrt:_wctype.obj
 0001:00010b4c       __acrt_LCMapStringA        0000000180011b4c f   libucrt:lcmapstringa.obj
 0001:00010be4       __acrt_locale_free_monetary 0000000180011be4 f   libucrt:initmon.obj
 0001:00010cf0       __acrt_locale_free_numeric 0000000180011cf0 f   libucrt:initnum.obj
 0001:00010db4       __acrt_locale_free_time    0000000180011db4 f   libucrt:inittime.obj
 0001:00010ebc       __acrt_GetStringTypeA      0000000180011ebc f   libucrt:getstringtypea.obj
 0001:0001104c       _query_new_mode            000000018001204c f   libucrt:new_mode.obj
 0001:00011060       qsort                      0000000180012060 f   libucrt:qsort.obj
 0001:00011420       strncpy_s                  0000000180012420 f   libucrt:strncpy_s.obj
 0001:000115a0       strpbrk                    00000001800125a0 f   libucrt:strpbrk.obj
 0001:00011980       _mbsdec                    0000000180012980 f   libucrt:mbsdec.obj
 0001:00011988       _mbsdec_l                  0000000180012988 f   libucrt:mbsdec.obj
 0001:00011a34       _msize_base                0000000180012a34 f   libucrt:msize.obj
 0001:00011a70       _realloc_base              0000000180012a70 f   libucrt:realloc_base.obj
 0001:00011bd4       __acrt_DownlevelLocaleNameToLCID 0000000180012bd4 f   libucrt:lcidtoname_downlevel.obj
 0001:00011c08       __acrt_lowio_create_handle_array 0000000180012c08 f   libucrt:osfinfo.obj
 0001:00011cb0       __acrt_lowio_destroy_handle_array 0000000180012cb0 f   libucrt:osfinfo.obj
 0001:00011d00       __acrt_lowio_ensure_fh_exists 0000000180012d00 f   libucrt:osfinfo.obj
 0001:00011da8       __acrt_lowio_lock_fh       0000000180012da8 f   libucrt:osfinfo.obj
 0001:00011dd0       __acrt_lowio_unlock_fh     0000000180012dd0 f   libucrt:osfinfo.obj
 0001:00011df8       _free_osfhnd               0000000180012df8 f   libucrt:osfinfo.obj
 0001:00011eb4       _get_osfhandle             0000000180012eb4 f   libucrt:osfinfo.obj
 0001:00011f2c       _isatty                    0000000180012f2c f   libucrt:isatty.obj
 0001:00011f8c       ?__mbrtowc_utf8@__crt_mbstring@@YA_KPEA_WPEBD_KPEAU_Mbstatet@@@Z 0000000180012f8c f   libucrt:mbrtowc.obj
 0001:00011fc8       ?__mbsrtowcs_utf8@__crt_mbstring@@YA_KPEA_WPEAPEBD_KPEAU_Mbstatet@@@Z 0000000180012fc8 f   libucrt:mbrtowc.obj
 0001:00012140       ?__c32rtomb_utf8@__crt_mbstring@@YA_KPEAD_UPEAU_Mbstatet@@@Z 0000000180013140 f   libucrt:c32rtomb.obj
 0001:000121f8       __acrt_fp_strflt_to_string 00000001800131f8 f   libucrt:_fptostr.obj
 0001:000122e0       ?divide@__crt_strtox@@YA_KAEAUbig_integer@1@AEBU21@@Z 00000001800132e0 f i libucrt:cfout.obj
 0001:0001270c       __acrt_fltout              000000018001370c f   libucrt:cfout.obj
 0001:00013c0c       __acrt_stdio_flush_and_write_narrow_nolock 0000000180014c0c f   libucrt:_flsbuf.obj
 0001:00013cf8       __acrt_stdio_flush_and_write_wide_nolock 0000000180014cf8 f   libucrt:_flsbuf.obj
 0001:00013de4       __acrt_GetStringTypeW      0000000180014de4 f   libucrt:getstringtypew.obj
 0001:00013dec       _fclose_nolock             0000000180014dec f   libucrt:fclose.obj
 0001:00013e70       fclose                     0000000180014e70 f   libucrt:fclose.obj
 0001:00014060       _lseeki64                  0000000180015060 f   libucrt:lseek.obj
 0001:00014068       _lseeki64_nolock           0000000180015068 f   libucrt:lseek.obj
 0001:00014070       _putwch_nolock             0000000180015070 f   libucrt:putwch.obj
 0001:000140ac       __strncnt                  00000001800150ac f   libucrt:strncnt.obj
 0001:000140c4       ?__mbrtoc32_utf8@__crt_mbstring@@YA_KPEA_UPEBD_KPEAU_Mbstatet@@@Z 00000001800150c4 f   libucrt:mbrtoc32.obj
 0001:000142a0       fegetenv                   00000001800152a0 f   libucrt:fegetenv.obj
 0001:000142c0       fesetenv                   00000001800152c0 f   libucrt:fesetenv.obj
 0001:00014310       feholdexcept               0000000180015310 f   libucrt:feholdexcept.obj
 0001:00014360       ceil                       0000000180015360 f   libucrt:ceil.obj
 0001:00014430       log10                      0000000180015430 f   libucrt:log10.obj
 0001:000149dc       __acrt_stdio_allocate_buffer_nolock 00000001800159dc f   libucrt:_getbuf.obj
 0001:00014ab8       _close                     0000000180015ab8 f   libucrt:close.obj
 0001:00014b5c       _close_nolock              0000000180015b5c f   libucrt:close.obj
 0001:00014c1c       ?__acrt_stdio_free_stream@@YAXV__crt_stdio_stream@@@Z 0000000180015c1c f   libucrt:stream.obj
 0001:00014c38       __dcrt_lowio_ensure_console_output_initialized 0000000180015c38 f   libucrt:initcon.obj
 0001:00014c8c       __dcrt_terminate_console_output 0000000180015c8c f   libucrt:initcon.obj
 0001:00014ca8       __dcrt_write_console       0000000180015ca8 f   libucrt:initcon.obj
 0001:00014d68       __acrt_fenv_get_control    0000000180015d68 f   libucrt:_fenvutils.obj
 0001:00014e5c       __acrt_fenv_get_status     0000000180015e5c f   libucrt:_fenvutils.obj
 0001:00014eb0       __acrt_fenv_set_control    0000000180015eb0 f   libucrt:_fenvutils.obj
 0001:00014ff8       __acrt_fenv_set_status     0000000180015ff8 f   libucrt:_fenvutils.obj
 0001:0001507c       _clearfp                   000000018001607c f   libucrt:ieee.obj
 0001:00015210       _handle_error              0000000180016210 f   libucrt:libm_error.obj
 0001:00015338       _handle_nan                0000000180016338 f   libucrt:libm_error.obj
 0001:00015360       __acrt_initialize_fma3     0000000180016360 f   libucrt:fma3_available.obj
 0001:000153d0       _log10_special             00000001800163d0 f   libucrt:log_special.obj
 0001:000154a0       _get_fpsr                  00000001800164a0 f   libucrt:fpsr.obj
 0001:000154b0       _set_fpsr                  00000001800164b0 f   libucrt:fpsr.obj
 0001:000154ba       _fclrf                     00000001800164ba f   libucrt:fpsr.obj
 0001:000154ce       _frnd                      00000001800164ce f   libucrt:fpsr.obj
 0001:000154f0       _raise_exc                 00000001800164f0 f   libucrt:fpexcept.obj
 0001:00015518       _raise_exc_ex              0000000180016518 f   libucrt:fpexcept.obj
 0001:00015828       _set_errno_from_matherr    0000000180016828 f   libucrt:fpexcept.obj
 0001:00015858       _clrfp                     0000000180016858 f   libucrt:fpctrl.obj
 0001:00015878       _ctrlfp                    0000000180016878 f   libucrt:fpctrl.obj
 0001:000158f4       _set_statfp                00000001800168f4 f   libucrt:fpctrl.obj
 0001:00015914       _statfp                    0000000180016914 f   libucrt:fpctrl.obj
 0001:00015925       IsProcessorFeaturePresent  0000000180016925 f   kernel32:KERNEL32.dll
 0001:0001592c       ?DloadAcquireSectionWriteAccess@@YAXXZ 000000018001692c f i DelayImp:delayhlp.obj
 0001:000159d8       ?DloadGetSRWLockFunctionPointers@@YAEXZ 00000001800169d8 f i DelayImp:delayhlp.obj
 0001:00015a74       ?DloadMakePermanentImageCommit@@YAXPEAX_K@Z 0000000180016a74 f i DelayImp:delayhlp.obj
 0001:00015b0c       ?DloadObtainSection@@YAPEAXPEAK0@Z 0000000180016b0c f i DelayImp:delayhlp.obj
 0001:00015ba8       ?DloadProtectSection@@YAXKPEAK@Z 0000000180016ba8 f i DelayImp:delayhlp.obj
 0001:00015c38       ?DloadReleaseSectionWriteAccess@@YAXXZ 0000000180016c38 f i DelayImp:delayhlp.obj
 0001:00015ccc       __delayLoadHelper2         0000000180016ccc f   DelayImp:delayhlp.obj
 0001:00015f90       _FindPESection             0000000180016f90 f   LIBCMT:pesect.obj
 0001:00015fe0       _IsNonwritableInCurrentImage 0000000180016fe0 f   LIBCMT:pesect.obj
 0001:00016030       _ValidateImageBase         0000000180017030 f   LIBCMT:pesect.obj
 0001:00016060       __GSHandlerCheck           0000000180017060 f   LIBCMT:gshandler.obj
 0001:00016080       __GSHandlerCheckCommon     0000000180017080 f   LIBCMT:gshandler.obj
 0001:000160f0       __chkstk                   00000001800170f0 f   LIBCMT:chkstk.obj
 0001:000160f0       _alloca_probe              00000001800170f0 f   LIBCMT:chkstk.obj
 0001:00016160       memcmp                     0000000180017160 f   libvcruntime:memcmp.obj
 0001:00016228       strrchr                    0000000180017228 f   libvcruntime:strrchr.obj
 0001:00016374       floor                      0000000180017374 f   libucrt:floor.obj
 0001:00016430       pow                        0000000180017430 f   libucrt:pow.obj
 0001:00017ad0       _pow_special               0000000180018ad0 f   libucrt:pow_special.obj
 0001:00017c10       _guard_dispatch_icall_nop  0000000180018c10 f   LIBCMT:guard_dispatch.obj
 0002:00000000       __imp_GetModuleHandleA     000000018001a000     kernel32:KERNEL32.dll
 0002:00000008       __imp_LoadLibraryExA       000000018001a008     kernel32:KERNEL32.dll
 0002:00000010       __imp_RtlCaptureContext    000000018001a010     kernel32:KERNEL32.dll
 0002:00000018       __imp_RtlLookupFunctionEntry 000000018001a018     kernel32:KERNEL32.dll
 0002:00000020       __imp_RtlVirtualUnwind     000000018001a020     kernel32:KERNEL32.dll
 0002:00000028       __imp_UnhandledExceptionFilter 000000018001a028     kernel32:KERNEL32.dll
 0002:00000030       __imp_SetUnhandledExceptionFilter 000000018001a030     kernel32:KERNEL32.dll
 0002:00000038       __imp_GetCurrentProcess    000000018001a038     kernel32:KERNEL32.dll
 0002:00000040       __imp_TerminateProcess     000000018001a040     kernel32:KERNEL32.dll
 0002:00000048       __imp_IsProcessorFeaturePresent 000000018001a048     kernel32:KERNEL32.dll
 0002:00000050       __imp_IsDebuggerPresent    000000018001a050     kernel32:KERNEL32.dll
 0002:00000058       __imp_GetStartupInfoW      000000018001a058     kernel32:KERNEL32.dll
 0002:00000060       __imp_GetModuleHandleW     000000018001a060     kernel32:KERNEL32.dll
 0002:00000068       __imp_QueryPerformanceCounter 000000018001a068     kernel32:KERNEL32.dll
 0002:00000070       __imp_GetCurrentProcessId  000000018001a070     kernel32:KERNEL32.dll
 0002:00000078       __imp_GetCurrentThreadId   000000018001a078     kernel32:KERNEL32.dll
 0002:00000080       __imp_GetSystemTimeAsFileTime 000000018001a080     kernel32:KERNEL32.dll
 0002:00000088       __imp_InitializeSListHead  000000018001a088     kernel32:KERNEL32.dll
 0002:00000090       __imp_RtlPcToFileHeader    000000018001a090     kernel32:KERNEL32.dll
 0002:00000098       __imp_RaiseException       000000018001a098     kernel32:KERNEL32.dll
 0002:000000a0       __imp_RtlUnwindEx          000000018001a0a0     kernel32:KERNEL32.dll
 0002:000000a8       __imp_InterlockedFlushSList 000000018001a0a8     kernel32:KERNEL32.dll
 0002:000000b0       __imp_GetLastError         000000018001a0b0     kernel32:KERNEL32.dll
 0002:000000b8       __imp_SetLastError         000000018001a0b8     kernel32:KERNEL32.dll
 0002:000000c0       __imp_EnterCriticalSection 000000018001a0c0     kernel32:KERNEL32.dll
 0002:000000c8       __imp_LeaveCriticalSection 000000018001a0c8     kernel32:KERNEL32.dll
 0002:000000d0       __imp_DeleteCriticalSection 000000018001a0d0     kernel32:KERNEL32.dll
 0002:000000d8       __imp_InitializeCriticalSectionAndSpinCount 000000018001a0d8     kernel32:KERNEL32.dll
 0002:000000e0       __imp_TlsAlloc             000000018001a0e0     kernel32:KERNEL32.dll
 0002:000000e8       __imp_TlsGetValue          000000018001a0e8     kernel32:KERNEL32.dll
 0002:000000f0       __imp_TlsSetValue          000000018001a0f0     kernel32:KERNEL32.dll
 0002:000000f8       __imp_TlsFree              000000018001a0f8     kernel32:KERNEL32.dll
 0002:00000100       __imp_FreeLibrary          000000018001a100     kernel32:KERNEL32.dll
 0002:00000108       __imp_GetProcAddress       000000018001a108     kernel32:KERNEL32.dll
 0002:00000110       __imp_LoadLibraryExW       000000018001a110     kernel32:KERNEL32.dll
 0002:00000118       __imp_EncodePointer        000000018001a118     kernel32:KERNEL32.dll
 0002:00000120       __imp_GetStdHandle         000000018001a120     kernel32:KERNEL32.dll
 0002:00000128       __imp_GetFileType          000000018001a128     kernel32:KERNEL32.dll
 0002:00000130       __imp_GetModuleFileNameW   000000018001a130     kernel32:KERNEL32.dll
 0002:00000138       __imp_GetModuleHandleExW   000000018001a138     kernel32:KERNEL32.dll
 0002:00000140       __imp_WriteConsoleW        000000018001a140     kernel32:KERNEL32.dll
 0002:00000148       __imp_ExitProcess          000000018001a148     kernel32:KERNEL32.dll
 0002:00000150       __imp_HeapFree             000000018001a150     kernel32:KERNEL32.dll
 0002:00000158       __imp_WriteFile            000000018001a158     kernel32:KERNEL32.dll
 0002:00000160       __imp_OutputDebugStringW   000000018001a160     kernel32:KERNEL32.dll
 0002:00000168       __imp_HeapAlloc            000000018001a168     kernel32:KERNEL32.dll
 0002:00000170       __imp_FindClose            000000018001a170     kernel32:KERNEL32.dll
 0002:00000178       __imp_FindFirstFileExW     000000018001a178     kernel32:KERNEL32.dll
 0002:00000180       __imp_FindNextFileW        000000018001a180     kernel32:KERNEL32.dll
 0002:00000188       __imp_IsValidCodePage      000000018001a188     kernel32:KERNEL32.dll
 0002:00000190       __imp_GetACP               000000018001a190     kernel32:KERNEL32.dll
 0002:00000198       __imp_GetOEMCP             000000018001a198     kernel32:KERNEL32.dll
 0002:000001a0       __imp_GetCPInfo            000000018001a1a0     kernel32:KERNEL32.dll
 0002:000001a8       __imp_GetCommandLineA      000000018001a1a8     kernel32:KERNEL32.dll
 0002:000001b0       __imp_GetCommandLineW      000000018001a1b0     kernel32:KERNEL32.dll
 0002:000001b8       __imp_MultiByteToWideChar  000000018001a1b8     kernel32:KERNEL32.dll
 0002:000001c0       __imp_WideCharToMultiByte  000000018001a1c0     kernel32:KERNEL32.dll
 0002:000001c8       __imp_GetEnvironmentStringsW 000000018001a1c8     kernel32:KERNEL32.dll
 0002:000001d0       __imp_FreeEnvironmentStringsW 000000018001a1d0     kernel32:KERNEL32.dll
 0002:000001d8       __imp_LCMapStringW         000000018001a1d8     kernel32:KERNEL32.dll
 0002:000001e0       __imp_GetProcessHeap       000000018001a1e0     kernel32:KERNEL32.dll
 0002:000001e8       __imp_FlushFileBuffers     000000018001a1e8     kernel32:KERNEL32.dll
 0002:000001f0       __imp_GetConsoleCP         000000018001a1f0     kernel32:KERNEL32.dll
 0002:000001f8       __imp_GetConsoleMode       000000018001a1f8     kernel32:KERNEL32.dll
 0002:00000200       __imp_GetStringTypeW       000000018001a200     kernel32:KERNEL32.dll
 0002:00000208       __imp_HeapSize             000000018001a208     kernel32:KERNEL32.dll
 0002:00000210       __imp_HeapReAlloc          000000018001a210     kernel32:KERNEL32.dll
 0002:00000218       __imp_SetStdHandle         000000018001a218     kernel32:KERNEL32.dll
 0002:00000220       __imp_GetFileSizeEx        000000018001a220     kernel32:KERNEL32.dll
 0002:00000228       __imp_SetFilePointerEx     000000018001a228     kernel32:KERNEL32.dll
 0002:00000230       __imp_CloseHandle          000000018001a230     kernel32:KERNEL32.dll
 0002:00000238       __imp_CreateFileW          000000018001a238     kernel32:KERNEL32.dll
 0002:00000240       __imp_GetSystemInfo        000000018001a240     kernel32:KERNEL32.dll
 0002:00000248       __imp_VirtualProtect       000000018001a248     kernel32:KERNEL32.dll
 0002:00000250       __imp_VirtualQuery         000000018001a250     kernel32:KERNEL32.dll
 0002:00000258       \177KERNEL32_NULL_THUNK_DATA 000000018001a258     kernel32:KERNEL32.dll
 0002:00000260       __guard_check_icall_fptr   000000018001a260     LIBCMT:guard_support.obj
 0002:00000268       __guard_dispatch_icall_fptr 000000018001a268     LIBCMT:guard_support.obj
 0002:00000270       __xc_a                     000000018001a270     LIBCMT:initializers.obj
 0002:00000290       _register_mix_             000000018001a290     mix.obj
 0002:00000298       __xc_z                     000000018001a298     LIBCMT:initializers.obj
 0002:000002a0       __xi_a                     000000018001a2a0     LIBCMT:initializers.obj
 0002:000002a8       __acrt_stdio_initializer   000000018001a2a8     libucrt:stdio_initializer.obj
 0002:000002b0       __acrt_multibyte_initializer 000000018001a2b0     libucrt:multibyte_initializer.obj
 0002:000002b8       __acrt_tran_fma3_initializer 000000018001a2b8     libucrt:fma3_initializer.obj
 0002:000002c0       __xi_z                     000000018001a2c0     LIBCMT:initializers.obj
 0002:000002c8       __xp_a                     000000018001a2c8     LIBCMT:initializers.obj
 0002:000002d0       __acrt_locale_terminator   000000018001a2d0     libucrt:locale_initializer.obj
 0002:000002d8       __dcrt_console_output_terminator 000000018001a2d8     libucrt:console_output_initializer.obj
 0002:000002e0       __acrt_stdio_terminator    000000018001a2e0     libucrt:stdio_initializer.obj
 0002:000002e8       __xp_z                     000000018001a2e8     LIBCMT:initializers.obj
 0002:000002f0       __xt_a                     000000018001a2f0     LIBCMT:initializers.obj
 0002:000002f8       __xt_z                     000000018001a2f8     LIBCMT:initializers.obj
 0002:00000300       __sz_node_exe              000000018001a300     node:node.exe
 0002:00000318       ??_7exception@std@@6B@     000000018001a318     libcpmt:xthrow.obj
 0002:00000328       ??_C@_0BC@EOODALEL@Unknown?5exception@ 000000018001a328     libcpmt:xthrow.obj
 0002:00000348       ??_7bad_alloc@std@@6B@     000000018001a348     libcpmt:xthrow.obj
 0002:00000358       ??_C@_0P@GHFPNOJB@bad?5allocation@ 000000018001a358     libcpmt:xthrow.obj
 0002:00000370       ??_7logic_error@std@@6B@   000000018001a370     libcpmt:xthrow.obj
 0002:00000388       ??_7length_error@std@@6B@  000000018001a388     libcpmt:xthrow.obj
 0002:00000398       _pRawDllMain               000000018001a398     LIBCMT:dll_dllmain.obj
 0002:00000398       _pDefaultRawDllMain        000000018001a398     LIBCMT:dll_dllmain.obj
 0002:000003a8       ??_7type_info@@6B@         000000018001a3a8     LIBCMT:std_type_info_static.obj
 0002:000003c8       ??_7bad_array_new_length@std@@6B@ 000000018001a3c8     LIBCMT:throw_bad_alloc.obj
 0002:000003d8       ??_C@_0BF@KINCDENJ@bad?5array?5new?5length@ 000000018001a3d8     LIBCMT:throw_bad_alloc.obj
 0002:00000510       ??_C@_1DM@KHCHBNEB@?$AAa?$AAp?$AAi?$AA?9?$AAm?$AAs?$AA?9?$AAw?$AAi?$AAn?$AA?9?$AAc?$AAo?$AAr?$AAe@ 000000018001a510     libvcruntime:winapi_downlevel.obj
 0002:00000550       ??_C@_1DK@LPPGFMPP@?$AAa?$AAp?$AAi?$AA?9?$AAm?$AAs?$AA?9?$AAw?$AAi?$AAn?$AA?9?$AAc?$AAo?$AAr?$AAe@ 000000018001a550     libvcruntime:winapi_downlevel.obj
 0002:00000590       ??_C@_1BC@GDMECMAK@?$AAk?$AAe?$AAr?$AAn?$AAe?$AAl?$AA3?$AA2@ 000000018001a590     libvcruntime:winapi_downlevel.obj
 0002:000005a8       ??_C@_1BA@PFFKHIOG@?$AAa?$AAp?$AAi?$AA?9?$AAm?$AAs?$AA?9@ 000000018001a5a8     libvcruntime:winapi_downlevel.obj
 0002:000005b8       ??_C@_1BA@IAIFMGEF@?$AAe?$AAx?$AAt?$AA?9?$AAm?$AAs?$AA?9@ 000000018001a5b8     libvcruntime:winapi_downlevel.obj
 0002:000005d0       ??_C@_08KNHFBNJ@FlsAlloc@  000000018001a5d0     libvcruntime:winapi_downlevel.obj
 0002:000005e8       ??_C@_07PEJMOBNF@FlsFree@  000000018001a5e8     libvcruntime:winapi_downlevel.obj
 0002:000005f8       ??_C@_0M@GDNOONDI@FlsGetValue@ 000000018001a5f8     libvcruntime:winapi_downlevel.obj
 0002:00000610       ??_C@_0M@JCPCPOEF@FlsSetValue@ 000000018001a610     libvcruntime:winapi_downlevel.obj
 0002:00000628       ??_C@_0BM@HCFOFFN@InitializeCriticalSectionEx@ 000000018001a628     libvcruntime:winapi_downlevel.obj
 0002:00000648       _pDestructExceptionObject  000000018001a648     libvcruntime:ehhelpers.obj
 0002:00000658       ??_7bad_exception@std@@6B@ 000000018001a658     libvcruntime:frame.obj
 0002:00000668       ??_C@_0O@DPKOEFFH@bad?5exception@ 000000018001a668     libvcruntime:frame.obj
 0002:000009b8       ??_C@_08EHJDFFNH@__based?$CI@ 000000018001a9b8     libvcruntime:undname.obj
 0002:000009c8       ??_C@_07KOLFKCDI@__cdecl@  000000018001a9c8     libvcruntime:undname.obj
 0002:000009d0       ??_C@_08GHMPAG@__pascal@   000000018001a9d0     libvcruntime:undname.obj
 0002:000009e0       ??_C@_09IFJBGAPI@__stdcall@ 000000018001a9e0     libvcruntime:undname.obj
 0002:000009f0       ??_C@_0L@NPHFGOKO@__thiscall@ 000000018001a9f0     libvcruntime:undname.obj
 0002:00000a00       ??_C@_0L@JMKHOMEK@__fastcall@ 000000018001aa00     libvcruntime:undname.obj
 0002:00000a10       ??_C@_0N@BCKKPABJ@__vectorcall@ 000000018001aa10     libvcruntime:undname.obj
 0002:00000a20       ??_C@_09HIJEGCPM@__clrcall@ 000000018001aa20     libvcruntime:undname.obj
 0002:00000a2c       ??_C@_06GHPCKEAG@__eabi@   000000018001aa2c     libvcruntime:undname.obj
 0002:00000a38       ??_C@_09IOPIDJLG@__swift_1@ 000000018001aa38     libvcruntime:undname.obj
 0002:00000a48       ??_C@_09KFNFGKHF@__swift_2@ 000000018001aa48     libvcruntime:undname.obj
 0002:00000a58       ??_C@_07JOMMBBKO@__ptr64@  000000018001aa58     libvcruntime:undname.obj
 0002:00000a60       ??_C@_0L@PILCLIHE@__restrict@ 000000018001aa60     libvcruntime:undname.obj
 0002:00000a70       ??_C@_0M@GFIIJFMG@__unaligned@ 000000018001aa70     libvcruntime:undname.obj
 0002:00000a80       ??_C@_09DHDLOLLB@restrict?$CI@ 000000018001aa80     libvcruntime:undname.obj
 0002:00000a8a       ??_C@_00CNPNBAHC@@         000000018001aa8a     libvcruntime:undname.obj
 0002:00000a8c       ??_C@_04NIHEBCM@?5new@     000000018001aa8c     libvcruntime:undname.obj
 0002:00000a98       ??_C@_07FPCDHGMM@?5delete@ 000000018001aa98     libvcruntime:undname.obj
 0002:00000aa0       ??_C@_01NEMOKFLO@?$DN@     000000018001aaa0     libvcruntime:undname.obj
 0002:00000aa4       ??_C@_02GPIOPFAK@?$DO?$DO@ 000000018001aaa4     libvcruntime:undname.obj
 0002:00000aa8       ??_C@_02FODMEDOG@?$DM?$DM@ 000000018001aaa8     libvcruntime:undname.obj
 0002:00000aac       ??_C@_01DCLJPIOD@?$CB@     000000018001aaac     libvcruntime:undname.obj
 0002:00000ab0       ??_C@_02EGOFBIJA@?$DN?$DN@ 000000018001aab0     libvcruntime:undname.obj
 0002:00000ab4       ??_C@_02FDNJECIE@?$CB?$DN@ 000000018001aab4     libvcruntime:undname.obj
 0002:00000ab8       ??_C@_02GPECMEKF@?$FL?$FN@ 000000018001aab8     libvcruntime:undname.obj
 0002:00000ac0       ??_C@_08LHJFAFGD@operator@ 000000018001aac0     libvcruntime:undname.obj
 0002:00000acc       ??_C@_02HBOOOICD@?9?$DO@   000000018001aacc     libvcruntime:undname.obj
 0002:00000ad0       ??_C@_01NBENCBCI@?$CK@     000000018001aad0     libvcruntime:undname.obj
 0002:00000ad4       ??_C@_02ECNGHCIF@?$CL?$CL@ 000000018001aad4     libvcruntime:undname.obj
 0002:00000ad8       ??_C@_02BAABKJLB@?9?9@     000000018001aad8     libvcruntime:undname.obj
 0002:00000adc       ??_C@_01JOAMLHOP@?9@       000000018001aadc     libvcruntime:undname.obj
 0002:00000ae0       ??_C@_01MIFGBAGJ@?$CL@     000000018001aae0     libvcruntime:undname.obj
 0002:00000ae4       ??_C@_01HNPIGOCE@?$CG@     000000018001aae4     libvcruntime:undname.obj
 0002:00000ae8       ??_C@_03MNHNFDLC@?9?$DO?$CK@ 000000018001aae8     libvcruntime:undname.obj
 0002:00000aec       ??_C@_01KMDKNFGN@?1@       000000018001aaec     libvcruntime:undname.obj
 0002:00000af0       ??_C@_01FGNFDNOH@?$CF@     000000018001aaf0     libvcruntime:undname.obj
 0002:00000af4       ??_C@_01MNNFJEPP@?$DM@     000000018001aaf4     libvcruntime:undname.obj
 0002:00000af8       ??_C@_02EHCHHCKH@?$DM?$DN@ 000000018001aaf8     libvcruntime:undname.obj
 0002:00000afc       ??_C@_01PPODPGHN@?$DO@     000000018001aafc     libvcruntime:undname.obj
 0002:00000b00       ??_C@_02EEKDKGMJ@?$DO?$DN@ 000000018001ab00     libvcruntime:undname.obj
 0002:00000b04       ??_C@_01IHBHIGKO@?0@       000000018001ab04     libvcruntime:undname.obj
 0002:00000b08       ??_C@_02HCKGKOFO@?$CI?$CJ@ 000000018001ab08     libvcruntime:undname.obj
 0002:00000b0c       ??_C@_01PJKLJHI@?$HO@      000000018001ab0c     libvcruntime:undname.obj
 0002:00000b10       ??_C@_01JKBOJNNK@?$FO@     000000018001ab10     libvcruntime:undname.obj
 0002:00000b14       ??_C@_01DNKMNLPK@?$HM@     000000018001ab14     libvcruntime:undname.obj
 0002:00000b18       ??_C@_02PPKAJPJL@?$CG?$CG@ 000000018001ab18     libvcruntime:undname.obj
 0002:00000b1c       ??_C@_02NONPIBCD@?$HM?$HM@ 000000018001ab1c     libvcruntime:undname.obj
 0002:00000b20       ??_C@_02FPIMKNGF@?$CK?$DN@ 000000018001ab20     libvcruntime:undname.obj
 0002:00000b24       ??_C@_02FOEOMHFC@?$CL?$DN@ 000000018001ab24     libvcruntime:undname.obj
 0002:00000b28       ??_C@_02FKMDLLOA@?9?$DN@   000000018001ab28     libvcruntime:undname.obj
 0002:00000b2c       ??_C@_02FJEHGPIO@?1?$DN@   000000018001ab2c     libvcruntime:undname.obj
 0002:00000b30       ??_C@_02FENAOKFI@?$CF?$DN@ 000000018001ab30     libvcruntime:undname.obj
 0002:00000b34       ??_C@_03IKFCCPFF@?$DO?$DO?$DN@ 000000018001ab34     libvcruntime:undname.obj
 0002:00000b38       ??_C@_03CDNPDDLA@?$DM?$DM?$DN@ 000000018001ab38     libvcruntime:undname.obj
 0002:00000b3c       ??_C@_02FGJGFEAB@?$CG?$DN@ 000000018001ab3c     libvcruntime:undname.obj
 0002:00000b40       ??_C@_02DHLNPPGH@?$HM?$DN@ 000000018001ab40     libvcruntime:undname.obj
 0002:00000b44       ??_C@_02MHEGNOJ@?$FO?$DN@  000000018001ab44     libvcruntime:undname.obj
 0002:00000b48       ??_C@_09IFPLHPGF@?$GAvftable?8@ 000000018001ab48     libvcruntime:undname.obj
 0002:00000b58       ??_C@_09BLBHBJP@?$GAvbtable?8@ 000000018001ab58     libvcruntime:undname.obj
 0002:00000b68       ??_C@_07FEEIOKP@?$GAvcall?8@ 000000018001ab68     libvcruntime:undname.obj
 0002:00000b70       ??_C@_08LLFFHHDJ@?$GAtypeof?8@ 000000018001ab70     libvcruntime:undname.obj
 0002:00000b80       ??_C@_0BF@KDPPACIK@?$GAlocal?5static?5guard?8@ 000000018001ab80     libvcruntime:undname.obj
 0002:00000b98       ??_C@_08OBABFOLI@?$GAstring?8@ 000000018001ab98     libvcruntime:undname.obj
 0002:00000ba8       ??_C@_0BD@JDLKDPAB@?$GAvbase?5destructor?8@ 000000018001aba8     libvcruntime:undname.obj
 0002:00000bc0       ??_C@_0BN@DEGPLNFK@?$GAvector?5deleting?5destructor?8@ 000000018001abc0     libvcruntime:undname.obj
 0002:00000be0       ??_C@_0BO@OBMKPJIG@?$GAdefault?5constructor?5closure?8@ 000000018001abe0     libvcruntime:undname.obj
 0002:00000c00       ??_C@_0BN@IMDCHIKM@?$GAscalar?5deleting?5destructor?8@ 000000018001ac00     libvcruntime:undname.obj
 0002:00000c20       ??_C@_0BO@PFGOCPJJ@?$GAvector?5constructor?5iterator?8@ 000000018001ac20     libvcruntime:undname.obj
 0002:00000c40       ??_C@_0BN@LFPFMEDL@?$GAvector?5destructor?5iterator?8@ 000000018001ac40     libvcruntime:undname.obj
 0002:00000c60       ??_C@_0CE@IKBNEHA@?$GAvector?5vbase?5constructor?5itera@ 000000018001ac60     libvcruntime:undname.obj
 0002:00000c88       ??_C@_0BL@NILFHHPC@?$GAvirtual?5displacement?5map?8@ 000000018001ac88     libvcruntime:undname.obj
 0002:00000ca8       ??_C@_0CB@JONCMFFK@?$GAeh?5vector?5constructor?5iterator@ 000000018001aca8     libvcruntime:undname.obj
 0002:00000cd0       ??_C@_0CA@GCEOPDGL@?$GAeh?5vector?5destructor?5iterator?8@ 000000018001acd0     libvcruntime:undname.obj
 0002:00000cf0       ??_C@_0CH@OOJPLCPH@?$GAeh?5vector?5vbase?5constructor?5it@ 000000018001acf0     libvcruntime:undname.obj
 0002:00000d18       ??_C@_0BL@LLKPOHJI@?$GAcopy?5constructor?5closure?8@ 000000018001ad18     libvcruntime:undname.obj
 0002:00000d38       ??_C@_0BA@KBCDOMBN@?$GAudt?5returning?8@ 000000018001ad38     libvcruntime:undname.obj
 0002:00000d48       ??_C@_03KLGMFNMG@?$GAEH@   000000018001ad48     libvcruntime:undname.obj
 0002:00000d4c       ??_C@_05KHLCHHI@?$GARTTI@  000000018001ad4c     libvcruntime:undname.obj
 0002:00000d58       ??_C@_0BA@KKLDJDLB@?$GAlocal?5vftable?8@ 000000018001ad58     libvcruntime:undname.obj
 0002:00000d68       ??_C@_0CE@IIHCMGGL@?$GAlocal?5vftable?5constructor?5clos@ 000000018001ad68     libvcruntime:undname.obj
 0002:00000d8c       ??_C@_06FHBGPFGH@?5new?$FL?$FN@ 000000018001ad8c     libvcruntime:undname.obj
 0002:00000d98       ??_C@_09LBNFPBCA@?5delete?$FL?$FN@ 000000018001ad98     libvcruntime:undname.obj
 0002:00000da8       ??_C@_0P@HJKNJFNN@?$GAomni?5callsig?8@ 000000018001ada8     libvcruntime:undname.obj
 0002:00000db8       ??_C@_0BL@CNOONJFP@?$GAplacement?5delete?5closure?8@ 000000018001adb8     libvcruntime:undname.obj
 0002:00000dd8       ??_C@_0BN@CKNJLHMB@?$GAplacement?5delete?$FL?$FN?5closure?8@ 000000018001add8     libvcruntime:undname.obj
 0002:00000df8       ??_C@_0CG@CFDHKGGD@?$GAmanaged?5vector?5constructor?5ite@ 000000018001adf8     libvcruntime:undname.obj
 0002:00000e20       ??_C@_0CF@IMGKMJNO@?$GAmanaged?5vector?5destructor?5iter@ 000000018001ae20     libvcruntime:undname.obj
 0002:00000e48       ??_C@_0CG@HLDDJMAG@?$GAeh?5vector?5copy?5constructor?5ite@ 000000018001ae48     libvcruntime:undname.obj
 0002:00000e70       ??_C@_0CM@FCBBDIGB@?$GAeh?5vector?5vbase?5copy?5construct@ 000000018001ae70     libvcruntime:undname.obj
 0002:00000ea0       ??_C@_0BL@CLIPGLGB@?$GAdynamic?5initializer?5for?5?8@ 000000018001aea0     libvcruntime:undname.obj
 0002:00000ec0       ??_C@_0CB@PDBIFEP@?$GAdynamic?5atexit?5destructor?5for?5@ 000000018001aec0     libvcruntime:undname.obj
 0002:00000ee8       ??_C@_0CD@CGAJBKEJ@?$GAvector?5copy?5constructor?5iterat@ 000000018001aee8     libvcruntime:undname.obj
 0002:00000f10       ??_C@_0CJ@GJELGAMM@?$GAvector?5vbase?5copy?5constructor?5@ 000000018001af10     libvcruntime:undname.obj
 0002:00000f40       ??_C@_0CL@FGIJHLCE@?$GAmanaged?5vector?5copy?5constructo@ 000000018001af40     libvcruntime:undname.obj
 0002:00000f70       ??_C@_0BM@PMGGMLDN@?$GAlocal?5static?5thread?5guard?8@ 000000018001af70     libvcruntime:undname.obj
[...]
 0004:0000105c       $pdata$_write              000000018002c05c     libucrt:write.obj
 0004:00001068       $pdata$_write_nolock       000000018002c068     libucrt:write.obj
 0004:00001074       $pdata$__acrt_free_locale  000000018002c074     libucrt:locale_refcounting.obj
 0004:00001080       $pdata$__acrt_locale_free_lc_time_if_unreferenced 000000018002c080     libucrt:locale_refcounting.obj
 0004:0000108c       $pdata$__acrt_release_locale_ref 000000018002c08c     libucrt:locale_refcounting.obj
 0004:00001098       $pdata$__acrt_update_thread_locale_data 000000018002c098     libucrt:locale_refcounting.obj
 0004:000010a4       $pdata$_updatetlocinfoEx_nolock 000000018002c0a4     libucrt:locale_refcounting.obj
 0004:000010b0       $pdata$_isleadbyte_l       000000018002c0b0     libucrt:_wctype.obj
 0004:000010bc       $pdata$?__acrt_LCMapStringA_stat@@YAHPEAU__crt_locale_pointers@@PEB_WKPEBDHPEADHHH@Z 000000018002c0bc     libucrt:lcmapstringa.obj
 0004:000010c8       $pdata$__acrt_LCMapStringA 000000018002c0c8     libucrt:lcmapstringa.obj
 0004:000010d4       $pdata$__acrt_locale_free_monetary 000000018002c0d4     libucrt:initmon.obj
 0004:000010e0       $pdata$__acrt_locale_free_numeric 000000018002c0e0     libucrt:initnum.obj
 0004:000010ec       $pdata$?free_crt_array_internal@@YAXQEAPEBX_K@Z 000000018002c0ec     libucrt:inittime.obj
 0004:000010f8       $pdata$__acrt_locale_free_time 000000018002c0f8     libucrt:inittime.obj
 0004:00001104       $pdata$__acrt_GetStringTypeA 000000018002c104     libucrt:getstringtypea.obj
 0004:00001110       $pdata$qsort               000000018002c110     libucrt:qsort.obj
 0004:0000111c       $pdata$4$qsort             000000018002c11c     libucrt:qsort.obj
 0004:00001128       $pdata$5$qsort             000000018002c128     libucrt:qsort.obj
 0004:00001134       $pdata$strncpy_s           000000018002c134     libucrt:strncpy_s.obj
 0004:00001140       $pdata$fallbackMethod      000000018002c140     libucrt:strpbrk.obj
 0004:0000114c       $pdata$strpbrk             000000018002c14c     libucrt:strpbrk.obj
 0004:00001158       $pdata$_mbsdec_l           000000018002c158     libucrt:mbsdec.obj
 0004:00001164       $pdata$?initialize_multibyte@@YAHXZ 000000018002c164     libucrt:multibyte_initializer.obj
 0004:00001170       $pdata$_msize_base         000000018002c170     libucrt:msize.obj
 0004:0000117c       $pdata$_realloc_base       000000018002c17c     libucrt:realloc_base.obj
 0004:00001188       $pdata$?GetTableIndexFromLocaleName@@YAHPEB_W@Z 000000018002c188     libucrt:lcidtoname_downlevel.obj
 0004:00001194       $pdata$__acrt_DownlevelLocaleNameToLCID 000000018002c194     libucrt:lcidtoname_downlevel.obj
 0004:000011a0       $pdata$__acrt_lowio_create_handle_array 000000018002c1a0     libucrt:osfinfo.obj
 0004:000011ac       $pdata$__acrt_lowio_destroy_handle_array 000000018002c1ac     libucrt:osfinfo.obj
 0004:000011b8       $pdata$__acrt_lowio_ensure_fh_exists 000000018002c1b8     libucrt:osfinfo.obj
 0004:000011c4       $pdata$_free_osfhnd        000000018002c1c4     libucrt:osfinfo.obj
 0004:000011d0       $pdata$_get_osfhandle      000000018002c1d0     libucrt:osfinfo.obj
 0004:000011dc       $pdata$_isatty             000000018002c1dc     libucrt:isatty.obj
 0004:000011e8       $pdata$?__mbrtowc_utf8@__crt_mbstring@@YA_KPEA_WPEBD_KPEAU_Mbstatet@@@Z 000000018002c1e8     libucrt:mbrtowc.obj
 0004:000011f4       $pdata$?__mbsrtowcs_utf8@__crt_mbstring@@YA_KPEA_WPEAPEBD_KPEAU_Mbstatet@@@Z 000000018002c1f4     libucrt:mbrtowc.obj
 0004:00001200       $pdata$?__c32rtomb_utf8@__crt_mbstring@@YA_KPEAD_UPEAU_Mbstatet@@@Z 000000018002c200     libucrt:c32rtomb.obj
 0004:0000120c       $pdata$__acrt_fp_strflt_to_string 000000018002c20c     libucrt:_fptostr.obj
 0004:00001218       $pdata$?divide@__crt_strtox@@YA_KAEAUbig_integer@1@AEBU21@@Z 000000018002c218     libucrt:cfout.obj
 0004:00001224       $pdata$0$?divide@__crt_strtox@@YA_KAEAUbig_integer@1@AEBU21@@Z 000000018002c224     libucrt:cfout.obj
 0004:00001230       $pdata$1$?divide@__crt_strtox@@YA_KAEAUbig_integer@1@AEBU21@@Z 000000018002c230     libucrt:cfout.obj
 0004:0000123c       $pdata$__acrt_fltout       000000018002c23c     libucrt:cfout.obj
 0004:00001248       $pdata$memcpy_s            000000018002c248     libucrt:cfout.obj
 0004:00001254       $pdata$??$write_buffer_nolock@D@@YA_NDV__crt_stdio_stream@@@Z 000000018002c254     libucrt:_flsbuf.obj
 0004:00001260       $pdata$??$write_buffer_nolock@_W@@YA_N_WV__crt_stdio_stream@@@Z 000000018002c260     libucrt:_flsbuf.obj
 0004:0000126c       $pdata$?stream_is_at_end_of_file_nolock@@YA_NV__crt_stdio_stream@@@Z 000000018002c26c     libucrt:_flsbuf.obj
 0004:00001278       $pdata$__acrt_stdio_flush_and_write_narrow_nolock 000000018002c278     libucrt:_flsbuf.obj
 0004:00001284       $pdata$__acrt_stdio_flush_and_write_wide_nolock 000000018002c284     libucrt:_flsbuf.obj
 0004:00001290       $pdata$_fclose_nolock      000000018002c290     libucrt:fclose.obj
 0004:0000129c       $pdata$fclose              000000018002c29c     libucrt:fclose.obj
 0004:000012a8       $pdata$??$common_lseek@_J@@YA_JH_JH@Z 000000018002c2a8     libucrt:lseek.obj
 0004:000012b4       $pdata$??$common_lseek_nolock@_J@@YA_JH_JH@Z 000000018002c2b4     libucrt:lseek.obj
 0004:000012c0       $pdata$_putwch_nolock      000000018002c2c0     libucrt:putwch.obj
 0004:000012cc       $pdata$?__mbrtoc32_utf8@__crt_mbstring@@YA_KPEA_UPEBD_KPEAU_Mbstatet@@@Z 000000018002c2cc     libucrt:mbrtoc32.obj
 0004:000012d8       $pdata$fegetenv            000000018002c2d8     libucrt:fegetenv.obj
 0004:000012e4       $pdata$fesetenv            000000018002c2e4     libucrt:fesetenv.obj
 0004:000012f0       $pdata$feholdexcept        000000018002c2f0     libucrt:feholdexcept.obj
 0004:00001308       $pdata$__acrt_stdio_allocate_buffer_nolock 000000018002c308     libucrt:_getbuf.obj
 0004:00001314       $pdata$??$?RV<lambda_751a882b2c74d4b022dec766aa51a29a>@@AEAV<lambda_628dfdc04ba53c8bfc02c9951375f3f5>@@V<lambda_f6c7be5f7998530c34de24c7437d6b54>@@@?$__crt_seh_guarded_call@H@@QEAAH$$QEAV<lambda_751a882b2c74d4b022dec766aa51a29a>@@AEAV<lambda_628dfdc04ba53c8bfc02c9951375f3f5>@@$$QEAV<lambda_f6c7be5f7998530c34de24c7437d6b54>@@@Z 000000018002c314     libucrt:close.obj
 0004:00001320       $pdata$_close              000000018002c320     libucrt:close.obj
 0004:0000132c       $pdata$_close_nolock       000000018002c32c     libucrt:close.obj
 0004:00001338       $pdata$__dcrt_lowio_ensure_console_output_initialized 000000018002c338     libucrt:initcon.obj
 0004:00001344       $pdata$__dcrt_terminate_console_output 000000018002c344     libucrt:initcon.obj
 0004:00001350       $pdata$__dcrt_write_console 000000018002c350     libucrt:initcon.obj
 0004:0000135c       $pdata$__acrt_fenv_set_control 000000018002c35c     libucrt:_fenvutils.obj
 0004:00001368       $pdata$_clearfp            000000018002c368     libucrt:ieee.obj
 0004:00001374       $pdata$_call_matherr       000000018002c374     libucrt:libm_error.obj
 0004:00001380       $pdata$_exception_enabled  000000018002c380     libucrt:libm_error.obj
 0004:0000138c       $pdata$_handle_error       000000018002c38c     libucrt:libm_error.obj
 0004:00001398       $pdata$__acrt_initialize_fma3 000000018002c398     libucrt:fma3_available.obj
 0004:000013a4       $pdata$_log10_special      000000018002c3a4     libucrt:log_special.obj
 0004:000013b0       $pdata$_log_special_common 000000018002c3b0     libucrt:log_special.obj
 0004:000013c8       $pdata$_raise_exc          000000018002c3c8     libucrt:fpexcept.obj
 0004:000013d4       $pdata$_raise_exc_ex       000000018002c3d4     libucrt:fpexcept.obj
 0004:000013e0       $pdata$_set_errno_from_matherr 000000018002c3e0     libucrt:fpexcept.obj
 0004:000013ec       $pdata$_clrfp              000000018002c3ec     libucrt:fpctrl.obj
 0004:000013f8       $pdata$_ctrlfp             000000018002c3f8     libucrt:fpctrl.obj
 0004:00001404       $pdata$_set_statfp         000000018002c404     libucrt:fpctrl.obj
 0004:00001410       $pdata$_statfp             000000018002c410     libucrt:fpctrl.obj
 0004:0000141c       $pdata$?DloadAcquireSectionWriteAccess@@YAXXZ 000000018002c41c     DelayImp:delayhlp.obj
 0004:00001428       $pdata$?DloadGetSRWLockFunctionPointers@@YAEXZ 000000018002c428     DelayImp:delayhlp.obj
 0004:00001434       $pdata$?DloadMakePermanentImageCommit@@YAXPEAX_K@Z 000000018002c434     DelayImp:delayhlp.obj
 0004:00001440       $pdata$?DloadObtainSection@@YAPEAXPEAK0@Z 000000018002c440     DelayImp:delayhlp.obj
 0004:0000144c       $pdata$?DloadProtectSection@@YAXKPEAK@Z 000000018002c44c     DelayImp:delayhlp.obj
 0004:00001458       $pdata$?DloadReleaseSectionWriteAccess@@YAXXZ 000000018002c458     DelayImp:delayhlp.obj
 0004:00001464       $pdata$__delayLoadHelper2  000000018002c464     DelayImp:delayhlp.obj
 0004:00001470       $pdata$_IsNonwritableInCurrentImage 000000018002c470     LIBCMT:pesect.obj
 0004:0000147c       $pdata$__GSHandlerCheck    000000018002c47c     LIBCMT:gshandler.obj
 0004:00001488       $pdata$__GSHandlerCheckCommon 000000018002c488     LIBCMT:gshandler.obj
 0004:000014ac       $pdata$strrchr             000000018002c4ac     libvcruntime:strrchr.obj
 0004:000014c4       $pdata$_pow_special        000000018002c4c4     libucrt:pow_special.obj
 0004:000014dc       $pdata$__scrt_is_nonwritable_in_current_image$filt$0 000000018002c4dc     LIBCMT:utility.obj
 0004:000014e8       $pdata$?fin$0@?0??dllmain_crt_process_attach@@YAHQEAUHINSTANCE__@@QEAX@Z@4HA 000000018002c4e8     LIBCMT:dll_dllmain.obj
 0004:000014f4       $pdata$?fin$0@?0??dllmain_crt_process_detach@@YAH_N@Z@4HA 000000018002c4f4     LIBCMT:dll_dllmain.obj
 0004:00001500       $pdata$?filt$0@?0??dllmain_dispatch@@YAHQEAUHINSTANCE__@@KQEAX@Z@4HA 000000018002c500     LIBCMT:dll_dllmain.obj
 0004:0000150c       $pdata$?catch$0@?0???2@YAPEAX_KAEBUnothrow_t@std@@@Z@4HA 000000018002c50c     LIBCMT:new_scalar_nothrow.obj
 0004:00001518       $pdata$?filt$0@?0???$_CallSETranslator@V__FrameHandler3@@@@YAHPEAUEHExceptionRecord@@PEA_KPEAU_CONTEXT@@PEAU_xDISPATCHER_CONTEXT@@PEBU_s_FuncInfo@@K1@Z@4HA 000000018002c518     libvcruntime:risctrnsctrl.obj
 0004:00001524       $pdata$__DestructExceptionObject$filt$0 000000018002c524     libvcruntime:ehhelpers.obj
 0004:00001530       $pdata$?filt$0@?0??CxxCallCatchBlock@__FrameHandler3@@SAPEAXPEAU_EXCEPTION_RECORD@@@Z@4HA 000000018002c530     libvcruntime:frame.obj
 0004:0000153c       $pdata$?fin$1@?0??CxxCallCatchBlock@__FrameHandler3@@SAPEAXPEAU_EXCEPTION_RECORD@@@Z@4HA 000000018002c53c     libvcruntime:frame.obj
 0004:00001548       $pdata$?filt$0@?0??FrameUnwindToState@__FrameHandler3@@SAXPEA_KPEAU_xDISPATCHER_CONTEXT@@PEBU_s_FuncInfo@@H@Z@4HA 000000018002c548     libvcruntime:frame.obj
 0004:00001554       $pdata$?fin$1@?0??FrameUnwindToState@__FrameHandler3@@SAXPEA_KPEAU_xDISPATCHER_CONTEXT@@PEBU_s_FuncInfo@@H@Z@4HA 000000018002c554     libvcruntime:frame.obj
 0004:00001560       $pdata$_query_new_handler$fin$0 000000018002c560     libucrt:new_handler.obj
 0004:0000156c       $pdata$?fin$0@?0???$?RV<lambda_0ae27a3a962d80f24befdcbee591983d>@@AEAV<lambda_8d0ee55de4b1038c4002e0adecdf1839>@@V<lambda_dc504788e8f1664fe9b84e20bfb512f2>@@@?$__crt_seh_guarded_call@X@@QEAAX$$QEAV<lambda_0ae27a3a962d80f24befdcbee591983d>@@AEAV<lambda_8d0ee55de4b1038c4002e0adecdf1839>@@$$QEAV<lambda_dc504788e8f1664fe9b84e20bfb512f2>@@@Z@4HA 000000018002c56c     libucrt:per_thread_data.obj
 0004:0000156c       $pdata$?fin$0@?0???$?RV<lambda_aa87e3671a710a21b5dc78c0bdf72e11>@@AEAV<lambda_92619d2358a28f41a33ba319515a20b9>@@V<lambda_6992ecaafeb10aed2b74cb1fae11a551>@@@?$__crt_seh_guarded_call@X@@QEAAX$$QEAV<lambda_aa87e3671a710a21b5dc78c0bdf72e11>@@AEAV<lambda_92619d2358a28f41a33ba319515a20b9>@@$$QEAV<lambda_6992ecaafeb10aed2b74cb1fae11a551>@@@Z@4HA 000000018002c56c     libucrt:per_thread_data.obj
 0004:0000156c       $pdata$?fin$0@?0???$?RV<lambda_f2e299630e499de9f9a165e60fcd3db5>@@AEAV<lambda_2ae9d31cdba2644fcbeaf08da7c24588>@@V<lambda_40d01ff24d0e7b3814fdbdcee8eab3c7>@@@?$__crt_seh_guarded_call@X@@QEAAX$$QEAV<lambda_f2e299630e499de9f9a165e60fcd3db5>@@AEAV<lambda_2ae9d31cdba2644fcbeaf08da7c24588>@@$$QEAV<lambda_40d01ff24d0e7b3814fdbdcee8eab3c7>@@@Z@4HA 000000018002c56c     libucrt:per_thread_data.obj
 0004:0000156c       $pdata$?fin$0@?0???$?RV<lambda_450d765d439847d4c735a33c368b5fc0>@@AEAV<lambda_44731a7d0e6d81c3e6aa82d741081786>@@V<lambda_601a2a7da3b7a96e9554ac7215c4b07c>@@@?$__crt_seh_guarded_call@P6AXH@Z@@QEAAP6AXH@Z$$QEAV<lambda_450d765d439847d4c735a33c368b5fc0>@@AEAV<lambda_44731a7d0e6d81c3e6aa82d741081786>@@$$QEAV<lambda_601a2a7da3b7a96e9554ac7215c4b07c>@@@Z@4HA 000000018002c56c     libucrt:signal.obj
 0004:0000156c       $pdata$?fin$0@?0???$?RV<lambda_638799b9deba96c50f710eeac98168cd>@@AEAV<lambda_22ebabd17bc4fa466a2aca6d8deb888d>@@V<lambda_a6f7d7db0129f75315ebf26d50c089f1>@@@?$__crt_seh_guarded_call@H@@QEAAH$$QEAV<lambda_638799b9deba96c50f710eeac98168cd>@@AEAV<lambda_22ebabd17bc4fa466a2aca6d8deb888d>@@$$QEAV<lambda_a6f7d7db0129f75315ebf26d50c089f1>@@@Z@4HA 000000018002c56c     libucrt:onexit.obj
 0004:0000156c       $pdata$?fin$0@?0???$?RV<lambda_d80eeec6fff315bfe5c115232f3240e3>@@AEAV<lambda_6e4b09c48022b2350581041d5f6b0c4c>@@V<lambda_2358e3775559c9db80273638284d5e45>@@@?$__crt_seh_guarded_call@X@@QEAAX$$QEAV<lambda_d80eeec6fff315bfe5c115232f3240e3>@@AEAV<lambda_6e4b09c48022b2350581041d5f6b0c4c>@@$$QEAV<lambda_2358e3775559c9db80273638284d5e45>@@@Z@4HA 000000018002c56c     libucrt:exit.obj
 0004:0000156c       $pdata$?fin$0@?0???$?RV<lambda_efdfa57d1f175319df784efa44bb7b81>@@AEAV<lambda_5f0a4c1567f8adc6734073e5d1e1b35c>@@V<lambda_2e8a7d3640ea6ccb4c2413664c2db6fd>@@@?$__crt_seh_guarded_call@X@@QEAAX$$QEAV<lambda_efdfa57d1f175319df784efa44bb7b81>@@AEAV<lambda_5f0a4c1567f8adc6734073e5d1e1b35c>@@$$QEAV<lambda_2e8a7d3640ea6ccb4c2413664c2db6fd>@@@Z@4HA 000000018002c56c     libucrt:mbctype.obj
 0004:0000156c       $pdata$?fin$0@?0???$?RV<lambda_2d41944a1d46af3157314b8a01080d33>@@AEAV<lambda_8f455de75cd7d7f24b4096f044d8b9e6>@@V<lambda_aa500f224e6afead328df44964fe2772>@@@?$__crt_seh_guarded_call@X@@QEAAX$$QEAV<lambda_2d41944a1d46af3157314b8a01080d33>@@AEAV<lambda_8f455de75cd7d7f24b4096f044d8b9e6>@@$$QEAV<lambda_aa500f224e6afead328df44964fe2772>@@@Z@4HA 000000018002c56c     libucrt:per_thread_data.obj
 0004:0000156c       $pdata$?fin$0@?0???$?RV<lambda_7777bce6b2f8c936911f934f8298dc43>@@AEAV<lambda_f03950bc5685219e0bcd2087efbe011e>@@V<lambda_3883c3dff614d5e0c5f61bb1ac94921c>@@@?$__crt_seh_guarded_call@H@@QEAAH$$QEAV<lambda_7777bce6b2f8c936911f934f8298dc43>@@AEAV<lambda_f03950bc5685219e0bcd2087efbe011e>@@$$QEAV<lambda_3883c3dff614d5e0c5f61bb1ac94921c>@@@Z@4HA 000000018002c56c     libucrt:onexit.obj
 0004:00001578       $pdata$?filt$0@?0???R<lambda_6e4b09c48022b2350581041d5f6b0c4c>@@QEBA@XZ@4HA 000000018002c578     libucrt:exit.obj
 0004:00001584       $pdata$?fin$0@?0???$?RV<lambda_0d412022a4b28cc8a401ea49574e8ae6>@@AEAV<lambda_a775ed57af18ba8e4d5dc780aa9068fe>@@V<lambda_975a71a6baa488a08f4e15f6b0339b9e>@@@?$__crt_seh_guarded_call@H@@QEAAH$$QEAV<lambda_0d412022a4b28cc8a401ea49574e8ae6>@@AEAV<lambda_a775ed57af18ba8e4d5dc780aa9068fe>@@$$QEAV<lambda_975a71a6baa488a08f4e15f6b0339b9e>@@@Z@4HA 000000018002c584     libucrt:output.obj
 0004:00001584       $pdata$?fin$0@?0???$?RV<lambda_842d9ff0dc9ef11c61343bbaebe7f885>@@AEAV<lambda_c5860995281e5c4ce005b3de8f5874ee>@@V<lambda_d90129c13df834fdcbf8d2b88dafcf2d>@@@?$__crt_seh_guarded_call@X@@QEAAX$$QEAV<lambda_842d9ff0dc9ef11c61343bbaebe7f885>@@AEAV<lambda_c5860995281e5c4ce005b3de8f5874ee>@@$$QEAV<lambda_d90129c13df834fdcbf8d2b88dafcf2d>@@@Z@4HA 000000018002c584     libucrt:fflush.obj
 0004:00001584       $pdata$?fin$0@?0???$?RV<lambda_c376a267cfb53b6959b3b692ec76b120>@@AEAV<lambda_9a32fed5bf61b6b509b2d3f6003082a1>@@V<lambda_572fbb9fa0ab338edf41edfd4b5fcc8d>@@@?$__crt_seh_guarded_call@H@@QEAAH$$QEAV<lambda_c376a267cfb53b6959b3b692ec76b120>@@AEAV<lambda_9a32fed5bf61b6b509b2d3f6003082a1>@@$$QEAV<lambda_572fbb9fa0ab338edf41edfd4b5fcc8d>@@@Z@4HA 000000018002c584     libucrt:fflush.obj
 0004:00001584       $pdata$?fin$0@?0???$?RV<lambda_84ec643ea9557e2f7dc01bb0e9624395>@@AEAV<lambda_ca71763b3c0644891230e4f79ea54fa6>@@V<lambda_439a761618c59b0600e24586724d733b>@@@?$__crt_seh_guarded_call@H@@QEAAH$$QEAV<lambda_84ec643ea9557e2f7dc01bb0e9624395>@@AEAV<lambda_ca71763b3c0644891230e4f79ea54fa6>@@$$QEAV<lambda_439a761618c59b0600e24586724d733b>@@@Z@4HA 000000018002c584     libucrt:setvbuf.obj
 0004:00001590       $pdata$?fin$0@?0???$?RV<lambda_886d6c58226a84441f68b9f2b8217b83>@@AEAV<lambda_ab61a845afdef5b7c387490eaf3616ee>@@V<lambda_f7f22ab5edc0698d5f6905b0d3f44752>@@@?$__crt_seh_guarded_call@X@@QEAAX$$QEAV<lambda_886d6c58226a84441f68b9f2b8217b83>@@AEAV<lambda_ab61a845afdef5b7c387490eaf3616ee>@@$$QEAV<lambda_f7f22ab5edc0698d5f6905b0d3f44752>@@@Z@4HA 000000018002c590     libucrt:fflush.obj
 0004:0000159c       $pdata$raise$fin$0         000000018002c59c     libucrt:signal.obj
 0004:000015a8       $pdata$?fin$0@?0???$?RV<lambda_410d79af7f07d98d83a3f525b3859a53>@@AEAV<lambda_3e16ef9562a7dcce91392c22ab16ea36>@@V<lambda_38119f0e861e05405d8a144b9b982f0a>@@@?$__crt_seh_guarded_call@X@@QEAAX$$QEAV<lambda_410d79af7f07d98d83a3f525b3859a53>@@AEAV<lambda_3e16ef9562a7dcce91392c22ab16ea36>@@$$QEAV<lambda_38119f0e861e05405d8a144b9b982f0a>@@@Z@4HA 000000018002c5a8     libucrt:wsetlocale.obj
 0004:000015b4       $pdata$?fin$0@?0??update_thread_multibyte_data_internal@@YAPEAU__crt_multibyte_data@@QEAU__acrt_ptd@@QEAPEAU1@@Z@4HA 000000018002c5b4     libucrt:mbctype.obj
 0004:000015c0       $pdata$__acrt_initialize_lowio$fin$0 000000018002c5c0     libucrt:ioinit.obj
 0004:000015c0       $pdata$__acrt_lowio_ensure_fh_exists$fin$0 000000018002c5c0     libucrt:osfinfo.obj
 0004:000015cc       $pdata$_fcloseall$fin$0    000000018002c5cc     libucrt:closeall.obj
 0004:000015d8       $pdata$?fin$0@?0???$?RV<lambda_a37b2b86f63e897a80ea819b0eb08c01>@@AEAV<lambda_38ce7e780aa69e748d6df282ebc68efe>@@V<lambda_99fb1378e971ab6e7edea83e3a7a83a2>@@@?$__crt_seh_guarded_call@H@@QEAAH$$QEAV<lambda_a37b2b86f63e897a80ea819b0eb08c01>@@AEAV<lambda_38ce7e780aa69e748d6df282ebc68efe>@@$$QEAV<lambda_99fb1378e971ab6e7edea83e3a7a83a2>@@@Z@4HA 000000018002c5d8     libucrt:commit.obj
 0004:000015d8       $pdata$?fin$0@?0???$?RV<lambda_751a882b2c74d4b022dec766aa51a29a>@@AEAV<lambda_628dfdc04ba53c8bfc02c9951375f3f5>@@V<lambda_f6c7be5f7998530c34de24c7437d6b54>@@@?$__crt_seh_guarded_call@H@@QEAAH$$QEAV<lambda_751a882b2c74d4b022dec766aa51a29a>@@AEAV<lambda_628dfdc04ba53c8bfc02c9951375f3f5>@@$$QEAV<lambda_f6c7be5f7998530c34de24c7437d6b54>@@@Z@4HA 000000018002c5d8     libucrt:close.obj
 0004:000015e4       $pdata$_write$fin$0        000000018002c5e4     libucrt:write.obj
 0004:000015e4       $pdata$?fin$0@?0???$common_lseek@_J@@YA_JH_JH@Z@4HA 000000018002c5e4     libucrt:lseek.obj
 0004:000015f0       $pdata$__acrt_update_thread_locale_data$fin$0 000000018002c5f0     libucrt:locale_refcounting.obj
 0004:000015fc       $pdata$fclose$fin$0        000000018002c5fc     libucrt:fclose.obj
 0004:00001608       $pdata$_ctrlfp$filt$0      000000018002c608     libucrt:fpctrl.obj
 0004:00001614       $pdata$_IsNonwritableInCurrentImage$filt$0 000000018002c614     LIBCMT:pesect.obj
 0004:00001620       $pdata$??__FmaxValueLookup@NativeMixingOperation@@YAXXZ 000000018002c620     mix.obj
 0004:0000162c       $pdata$??__FEasingLookup@NativeMixingOperation@@YAXXZ 000000018002c62c     mix.obj
 0004:00001638       $pdata$??__FVolumeMapping@NativeMixingOperation@@YAXXZ 000000018002c638     mix.obj
 0005:00000060       $R000000                   000000018002d060     * linker generated manifest res *

 Exports

  ordinal    name

        1    _register_mix_
